Component: ARM Compiler 5.06 update 6 (build 750) Tool: armlink [4d35ed]

==============================================================================

Section Cross References

    startup_stm32f103xb.o(RESET) refers to startup_stm32f103xb.o(STACK) for __initial_sp
    startup_stm32f103xb.o(RESET) refers to startup_stm32f103xb.o(.text) for Reset_Handler
    startup_stm32f103xb.o(RESET) refers to stm32f1xx_it.o(i.NMI_Handler) for NMI_Handler
    startup_stm32f103xb.o(RESET) refers to stm32f1xx_it.o(i.HardFault_Handler) for HardFault_Handler
    startup_stm32f103xb.o(RESET) refers to stm32f1xx_it.o(i.MemManage_Handler) for MemManage_Handler
    startup_stm32f103xb.o(RESET) refers to stm32f1xx_it.o(i.BusFault_Handler) for BusFault_Handler
    startup_stm32f103xb.o(RESET) refers to stm32f1xx_it.o(i.UsageFault_Handler) for UsageFault_Handler
    startup_stm32f103xb.o(RESET) refers to stm32f1xx_it.o(i.SVC_Handler) for SVC_Handler
    startup_stm32f103xb.o(RESET) refers to stm32f1xx_it.o(i.DebugMon_Handler) for DebugMon_Handler
    startup_stm32f103xb.o(RESET) refers to stm32f1xx_it.o(i.PendSV_Handler) for PendSV_Handler
    startup_stm32f103xb.o(RESET) refers to stm32f1xx_it.o(i.SysTick_Handler) for SysTick_Handler
    startup_stm32f103xb.o(RESET) refers to stm32f1xx_it.o(i.RTC_IRQHandler) for RTC_IRQHandler
    startup_stm32f103xb.o(RESET) refers to stm32f1xx_it.o(i.EXTI0_IRQHandler) for EXTI0_IRQHandler
    startup_stm32f103xb.o(RESET) refers to stm32f1xx_it.o(i.EXTI1_IRQHandler) for EXTI1_IRQHandler
    startup_stm32f103xb.o(RESET) refers to stm32f1xx_it.o(i.DMA1_Channel5_IRQHandler) for DMA1_Channel5_IRQHandler
    startup_stm32f103xb.o(RESET) refers to stm32f1xx_it.o(i.TIM2_IRQHandler) for TIM2_IRQHandler
    startup_stm32f103xb.o(RESET) refers to stm32f1xx_it.o(i.USART1_IRQHandler) for USART1_IRQHandler
    startup_stm32f103xb.o(RESET) refers to stm32f1xx_it.o(i.EXTI15_10_IRQHandler) for EXTI15_10_IRQHandler
    startup_stm32f103xb.o(.text) refers to system_stm32f1xx.o(i.SystemInit) for SystemInit
    startup_stm32f103xb.o(.text) refers to entry.o(.ARM.Collect$$$$00000000) for __main
    main.o(i.SystemClock_Config) refers to memseta.o(.text) for __aeabi_memclr4
    main.o(i.SystemClock_Config) refers to stm32f1xx_hal_rcc.o(i.HAL_RCC_OscConfig) for HAL_RCC_OscConfig
    main.o(i.SystemClock_Config) refers to stm32f1xx_hal_rcc.o(i.HAL_RCC_ClockConfig) for HAL_RCC_ClockConfig
    main.o(i.SystemClock_Config) refers to stm32f1xx_hal_rcc_ex.o(i.HAL_RCCEx_PeriphCLKConfig) for HAL_RCCEx_PeriphCLKConfig
    main.o(i.main) refers to stm32f1xx_hal.o(i.HAL_Init) for HAL_Init
    main.o(i.main) refers to main.o(i.SystemClock_Config) for SystemClock_Config
    main.o(i.main) refers to gpio.o(i.MX_GPIO_Init) for MX_GPIO_Init
    main.o(i.main) refers to dma.o(i.MX_DMA_Init) for MX_DMA_Init
    main.o(i.main) refers to usart.o(i.MX_USART1_UART_Init) for MX_USART1_UART_Init
    main.o(i.main) refers to tim.o(i.MX_TIM2_Init) for MX_TIM2_Init
    main.o(i.main) refers to rtc.o(i.MX_RTC_Init) for MX_RTC_Init
    main.o(i.main) refers to adc.o(i.MX_ADC1_Init) for MX_ADC1_Init
    main.o(i.main) refers to usart.o(i.MX_USART2_UART_Init) for MX_USART2_UART_Init
    main.o(i.main) refers to oled.o(i.OLED_Init) for OLED_Init
    main.o(i.main) refers to oled.o(i.OLED_ColorTurn) for OLED_ColorTurn
    main.o(i.main) refers to oled.o(i.OLED_DisplayTurn) for OLED_DisplayTurn
    main.o(i.main) refers to oled.o(i.OLED_Clear) for OLED_Clear
    main.o(i.main) refers to ui_home.o(i.ui_home) for ui_home
    gpio.o(i.HAL_GPIO_EXTI_Callback) refers to gpio.o(.data) for .data
    gpio.o(i.MX_GPIO_Init) refers to stm32f1xx_hal_gpio.o(i.HAL_GPIO_WritePin) for HAL_GPIO_WritePin
    gpio.o(i.MX_GPIO_Init) refers to stm32f1xx_hal_gpio.o(i.HAL_GPIO_Init) for HAL_GPIO_Init
    gpio.o(i.MX_GPIO_Init) refers to stm32f1xx_hal_cortex.o(i.HAL_NVIC_SetPriority) for HAL_NVIC_SetPriority
    gpio.o(i.MX_GPIO_Init) refers to stm32f1xx_hal_cortex.o(i.HAL_NVIC_EnableIRQ) for HAL_NVIC_EnableIRQ
    adc.o(i.HAL_ADC_MspDeInit) refers to stm32f1xx_hal_gpio.o(i.HAL_GPIO_DeInit) for HAL_GPIO_DeInit
    adc.o(i.HAL_ADC_MspInit) refers to stm32f1xx_hal_gpio.o(i.HAL_GPIO_Init) for HAL_GPIO_Init
    adc.o(i.MX_ADC1_Init) refers to stm32f1xx_hal_adc.o(i.HAL_ADC_Init) for HAL_ADC_Init
    adc.o(i.MX_ADC1_Init) refers to main.o(i.Error_Handler) for Error_Handler
    adc.o(i.MX_ADC1_Init) refers to stm32f1xx_hal_adc.o(i.HAL_ADC_ConfigChannel) for HAL_ADC_ConfigChannel
    adc.o(i.MX_ADC1_Init) refers to adc.o(.bss) for .bss
    dma.o(i.MX_DMA_Init) refers to stm32f1xx_hal_cortex.o(i.HAL_NVIC_SetPriority) for HAL_NVIC_SetPriority
    dma.o(i.MX_DMA_Init) refers to stm32f1xx_hal_cortex.o(i.HAL_NVIC_EnableIRQ) for HAL_NVIC_EnableIRQ
    rtc.o(i.HAL_RTCEx_RTCEventCallback) refers to stm32f1xx_hal_rtc.o(i.HAL_RTC_GetDate) for HAL_RTC_GetDate
    rtc.o(i.HAL_RTCEx_RTCEventCallback) refers to stm32f1xx_hal_rtc.o(i.HAL_RTC_GetTime) for HAL_RTC_GetTime
[...]
    .text                                    0x08000100   Section       36  startup_stm32f103xb.o(.text)
    .text                                    0x08000124   Section        0  llushr.o(.text)
    .text                                    0x08000144   Section        0  memseta.o(.text)
    .text                                    0x08000168   Section        0  strstr.o(.text)
    .text                                    0x0800018c   Section        0  fadd.o(.text)
    .text                                    0x0800023c   Section        0  dadd.o(.text)
    .text                                    0x0800038a   Section        0  dmul.o(.text)
    .text                                    0x0800046e   Section        0  dscalb.o(.text)
    .text                                    0x0800049c   Section        0  ffltui.o(.text)
    .text                                    0x080004a6   Section        0  dfltui.o(.text)
    .text                                    0x080004c0   Section        0  f2d.o(.text)
    .text                                    0x080004e6   Section        0  d2f.o(.text)
    .text                                    0x08000520   Section       20  cfcmple.o(.text)
    .text                                    0x08000534   Section       20  cfrcmple.o(.text)
    .text                                    0x08000548   Section        0  uidiv.o(.text)
    .text                                    0x08000574   Section        0  uldiv.o(.text)
    .text                                    0x080005d6   Section        0  llshl.o(.text)
    .text                                    0x080005f4   Section        0  llsshr.o(.text)
    .text                                    0x08000618   Section        0  iusefp.o(.text)
    .text                                    0x08000618   Section        0  fepilogue.o(.text)
    .text                                    0x08000686   Section        0  depilogue.o(.text)
    .text                                    0x08000740   Section        0  ddiv.o(.text)
    .text                                    0x0800081e   Section        0  dfixul.o(.text)
    .text                                    0x08000850   Section       48  cdrcmple.o(.text)
    .text                                    0x08000880   Section       36  init.o(.text)
    i.ADC_ConversionStop_Disable             0x080008a4   Section        0  stm32f1xx_hal_adc.o(i.ADC_ConversionStop_Disable)
    i.ADC_Enable                             0x080008fc   Section        0  stm32f1xx_hal_adc.o(i.ADC_Enable)
    i.BusFault_Handler                       0x08000978   Section        0  stm32f1xx_it.o(i.BusFault_Handler)
    i.DMA1_Channel5_IRQHandler               0x0800097c   Section        0  stm32f1xx_it.o(i.DMA1_Channel5_IRQHandler)
    i.DMA_SetConfig                          0x08000988   Section        0  stm32f1xx_hal_dma.o(i.DMA_SetConfig)
    DMA_SetConfig                            0x08000989   Thumb Code    42  stm32f1xx_hal_dma.o(i.DMA_SetConfig)
    i.DebugMon_Handler                       0x080009b2   Section        0  stm32f1xx_it.o(i.DebugMon_Handler)
    i.EXTI0_IRQHandler                       0x080009b4   Section        0  stm32f1xx_it.o(i.EXTI0_IRQHandler)
    i.EXTI15_10_IRQHandler                   0x080009ba   Section        0  stm32f1xx_it.o(i.EXTI15_10_IRQHandler)
    i.EXTI1_IRQHandler                       0x080009c2   Section        0  stm32f1xx_it.o(i.EXTI1_IRQHandler)
    i.Error_Handler                          0x080009c8   Section        0  main.o(i.Error_Handler)
    i.HAL_ADC_ConfigChannel                  0x080009cc   Section        0  stm32f1xx_hal_adc.o(i.HAL_ADC_ConfigChannel)
    i.HAL_ADC_GetValue                       0x08000ac8   Section        0  stm32f1xx_hal_adc.o(i.HAL_ADC_GetValue)
    i.HAL_ADC_Init                           0x08000ad0   Section        0  stm32f1xx_hal_adc.o(i.HAL_ADC_Init)
    i.HAL_ADC_MspInit                        0x08000bec   Section        0  adc.o(i.HAL_ADC_MspInit)
    i.HAL_ADC_PollForConversion              0x08000c44   Section        0  stm32f1xx_hal_adc.o(i.HAL_ADC_PollForConversion)
    i.HAL_ADC_Start                          0x08000d80   Section        0  stm32f1xx_hal_adc.o(i.HAL_ADC_Start)
    i.HAL_DMA_Abort                          0x08000e40   Section        0  stm32f1xx_hal_dma.o(i.HAL_DMA_Abort)
    i.HAL_DMA_Abort_IT                       0x08000e88   Section        0  stm32f1xx_hal_dma.o(i.HAL_DMA_Abort_IT)
    i.HAL_DMA_IRQHandler                     0x08000f20   Section        0  stm32f1xx_hal_dma.o(i.HAL_DMA_IRQHandler)
    i.HAL_DMA_Init                           0x08001074   Section        0  stm32f1xx_hal_dma.o(i.HAL_DMA_Init)
    i.HAL_DMA_Start_IT                       0x080010d0   Section        0  stm32f1xx_hal_dma.o(i.HAL_DMA_Start_IT)
    i.HAL_Delay                              0x08001140   Section        0  stm32f1xx_hal.o(i.HAL_Delay)
    i.HAL_GPIO_EXTI_Callback                 0x08001164   Section        0  gpio.o(i.HAL_GPIO_EXTI_Callback)
    i.HAL_GPIO_EXTI_IRQHandler               0x08001180   Section        0  stm32f1xx_hal_gpio.o(i.HAL_GPIO_EXTI_IRQHandler)
    i.HAL_GPIO_Init                          0x08001198   Section        0  stm32f1xx_hal_gpio.o(i.HAL_GPIO_Init)
    i.HAL_GPIO_WritePin                      0x08001378   Section        0  stm32f1xx_hal_gpio.o(i.HAL_GPIO_WritePin)
    i.HAL_GetTick                            0x08001384   Section        0  stm32f1xx_hal.o(i.HAL_GetTick)
    i.HAL_IncTick                            0x08001390   Section        0  stm32f1xx_hal.o(i.HAL_IncTick)
    i.HAL_Init                               0x080013a0   Section        0  stm32f1xx_hal.o(i.HAL_Init)
    i.HAL_InitTick                           0x080013c4   Section        0  stm32f1xx_hal.o(i.HAL_InitTick)
    i.HAL_MspInit                            0x08001404   Section        0  stm32f1xx_hal_msp.o(i.HAL_MspInit)
    i.HAL_NVIC_EnableIRQ                     0x08001440   Section        0  stm32f1xx_hal_cortex.o(i.HAL_NVIC_EnableIRQ)
    i.HAL_NVIC_SetPriority                   0x0800145c   Section        0  stm32f1xx_hal_cortex.o(i.HAL_NVIC_SetPriority)
    i.HAL_NVIC_SetPriorityGrouping           0x0800149c   Section        0  stm32f1xx_hal_cortex.o(i.HAL_NVIC_SetPriorityGrouping)
    i.HAL_PWR_EnableBkUpAccess               0x080014c0   Section        0  stm32f1xx_hal_pwr.o(i.HAL_PWR_EnableBkUpAccess)
    i.HAL_RCCEx_GetPeriphCLKFreq             0x080014cc   Section        0  stm32f1xx_hal_rcc_ex.o(i.HAL_RCCEx_GetPeriphCLKFreq)
    i.HAL_RCCEx_PeriphCLKConfig              0x08001570   Section        0  stm32f1xx_hal_rcc_ex.o(i.HAL_RCCEx_PeriphCLKConfig)
    i.HAL_RCC_ClockConfig                    0x0800165c   Section        0  stm32f1xx_hal_rcc.o(i.HAL_RCC_ClockConfig)
    i.HAL_RCC_GetHCLKFreq                    0x08001788   Section        0  stm32f1xx_hal_rcc.o(i.HAL_RCC_GetHCLKFreq)
    i.HAL_RCC_GetPCLK1Freq                   0x08001794   Section        0  stm32f1xx_hal_rcc.o(i.HAL_RCC_GetPCLK1Freq)
    i.HAL_RCC_GetPCLK2Freq                   0x080017b4   Section        0  stm32f1xx_hal_rcc.o(i.HAL_RCC_GetPCLK2Freq)
    i.HAL_RCC_GetSysClockFreq                0x080017d4   Section        0  stm32f1xx_hal_rcc.o(i.HAL_RCC_GetSysClockFreq)
    i.HAL_RCC_OscConfig                      0x08001820   Section        0  stm32f1xx_hal_rcc.o(i.HAL_RCC_OscConfig)
    i.HAL_RTCEx_RTCEventCallback             0x08001b40   Section        0  rtc.o(i.HAL_RTCEx_RTCEventCallback)
    i.HAL_RTCEx_RTCEventErrorCallback        0x08001b78   Section        0  stm32f1xx_hal_rtc_ex.o(i.HAL_RTCEx_RTCEventErrorCallback)
    i.HAL_RTCEx_RTCIRQHandler                0x08001b7a   Section        0  stm32f1xx_hal_rtc_ex.o(i.HAL_RTCEx_RTCIRQHandler)
    i.HAL_RTC_GetDate                        0x08001bb8   Section        0  stm32f1xx_hal_rtc.o(i.HAL_RTC_GetDate)
    i.HAL_RTC_GetTime                        0x08001c06   Section        0  stm32f1xx_hal_rtc.o(i.HAL_RTC_GetTime)
    i.HAL_RTC_Init                           0x08001ce0   Section        0  stm32f1xx_hal_rtc.o(i.HAL_RTC_Init)
    i.HAL_RTC_MspInit                        0x08001d74   Section        0  rtc.o(i.HAL_RTC_MspInit)
    i.HAL_RTC_SetDate                        0x08001dc8   Section        0  stm32f1xx_hal_rtc.o(i.HAL_RTC_SetDate)
    i.HAL_RTC_SetTime                        0x08001e8c   Section        0  stm32f1xx_hal_rtc.o(i.HAL_RTC_SetTime)
    i.HAL_RTC_WaitForSynchro                 0x08001f38   Section        0  stm32f1xx_hal_rtc.o(i.HAL_RTC_WaitForSynchro)
    i.HAL_SYSTICK_Config                     0x08001f72   Section        0  stm32f1xx_hal_cortex.o(i.HAL_SYSTICK_Config)
    i.HAL_TIMEx_BreakCallback                0x08001f9a   Section        0  stm32f1xx_hal_tim_ex.o(i.HAL_TIMEx_BreakCallback)
    i.HAL_TIMEx_CommutCallback               0x08001f9c   Section        0  stm32f1xx_hal_tim_ex.o(i.HAL_TIMEx_CommutCallback)
    i.HAL_TIMEx_MasterConfigSynchronization  0x08001fa0   Section        0  stm32f1xx_hal_tim_ex.o(i.HAL_TIMEx_MasterConfigSynchronization)
    i.HAL_TIM_Base_Init                      0x08002008   Section        0  stm32f1xx_hal_tim.o(i.HAL_TIM_Base_Init)
    i.HAL_TIM_Base_MspInit                   0x08002064   Section        0  tim.o(i.HAL_TIM_Base_MspInit)
    i.HAL_TIM_ConfigClockSource              0x080020dc   Section        0  stm32f1xx_hal_tim.o(i.HAL_TIM_ConfigClockSource)
    i.HAL_TIM_IC_CaptureCallback             0x080021b8   Section        0  sr04.o(i.HAL_TIM_IC_CaptureCallback)
    i.HAL_TIM_IC_ConfigChannel               0x08002218   Section        0  stm32f1xx_hal_tim.o(i.HAL_TIM_IC_ConfigChannel)
    i.HAL_TIM_IC_Init                        0x0800233c   Section        0  stm32f1xx_hal_tim.o(i.HAL_TIM_IC_Init)
    i.HAL_TIM_IC_MspInit                     0x08002396   Section        0  stm32f1xx_hal_tim.o(i.HAL_TIM_IC_MspInit)
    i.HAL_TIM_IC_Start_IT                    0x08002398   Section        0  stm32f1xx_hal_tim.o(i.HAL_TIM_IC_Start_IT)
    i.HAL_TIM_IC_Stop_IT                     0x0800247c   Section        0  stm32f1xx_hal_tim.o(i.HAL_TIM_IC_Stop_IT)
    i.HAL_TIM_IRQHandler                     0x0800250e   Section        0  stm32f1xx_hal_tim.o(i.HAL_TIM_IRQHandler)
    i.HAL_TIM_OC_DelayElapsedCallback        0x0800263e   Section        0  stm32f1xx_hal_tim.o(i.HAL_TIM_OC_DelayElapsedCallback)
    i.HAL_TIM_PWM_PulseFinishedCallback      0x08002640   Section        0  stm32f1xx_hal_tim.o(i.HAL_TIM_PWM_PulseFinishedCallback)
    i.HAL_TIM_PeriodElapsedCallback          0x08002642   Section        0  stm32f1xx_hal_tim.o(i.HAL_TIM_PeriodElapsedCallback)
    i.HAL_TIM_ReadCapturedValue              0x08002644   Section        0  stm32f1xx_hal_tim.o(i.HAL_TIM_ReadCapturedValue)
    i.HAL_TIM_TriggerCallback                0x0800266e   Section        0  stm32f1xx_hal_tim.o(i.HAL_TIM_TriggerCallback)
    i.HAL_UARTEx_RxEventCallback             0x08002670   Section        0  stm32f1xx_hal_uart.o(i.HAL_UARTEx_RxEventCallback)
    i.HAL_UART_DMAStop                       0x08002672   Section        0  stm32f1xx_hal_uart.o(i.HAL_UART_DMAStop)
    i.HAL_UART_ErrorCallback                 0x080026e2   Section        0  stm32f1xx_hal_uart.o(i.HAL_UART_ErrorCallback)
    i.HAL_UART_IRQHandler                    0x080026e4   Section        0  stm32f1xx_hal_uart.o(i.HAL_UART_IRQHandler)
    i.HAL_UART_Init                          0x08002950   Section        0  stm32f1xx_hal_uart.o(i.HAL_UART_Init)
    i.HAL_UART_MspInit                       0x080029b4   Section        0  usart.o(i.HAL_UART_MspInit)
    i.HAL_UART_Receive_DMA                   0x08002ab0   Section        0  stm32f1xx_hal_uart.o(i.HAL_UART_Receive_DMA)
    i.HAL_UART_RxCpltCallback                0x08002acc   Section        0  stm32f1xx_hal_uart.o(i.HAL_UART_RxCpltCallback)
    i.HAL_UART_RxHalfCpltCallback            0x08002ace   Section        0  stm32f1xx_hal_uart.o(i.HAL_UART_RxHalfCpltCallback)
    i.HAL_UART_Transmit                      0x08002ad0   Section        0  stm32f1xx_hal_uart.o(i.HAL_UART_Transmit)
    i.HAL_UART_TxCpltCallback                0x08002b70   Section        0  stm32f1xx_hal_uart.o(i.HAL_UART_TxCpltCallback)
    i.HardFault_Handler                      0x08002b72   Section        0  stm32f1xx_it.o(i.HardFault_Handler)
    i.MX_ADC1_Init                           0x08002b74   Section        0  adc.o(i.MX_ADC1_Init)
    i.MX_DMA_Init                            0x08002bc4   Section        0  dma.o(i.MX_DMA_Init)
    i.MX_GPIO_Init                           0x08002bf0   Section        0  gpio.o(i.MX_GPIO_Init)
    i.MX_RTC_Init                            0x08002ce8   Section        0  rtc.o(i.MX_RTC_Init)
    i.MX_TIM2_Init                           0x08002d58   Section        0  tim.o(i.MX_TIM2_Init)
    i.MX_USART1_UART_Init                    0x08002dec   Section        0  usart.o(i.MX_USART1_UART_Init)
    i.MX_USART2_UART_Init                    0x08002e38   Section        0  usart.o(i.MX_USART2_UART_Init)
    i.MemManage_Handler                      0x08002e70   Section        0  stm32f1xx_it.o(i.MemManage_Handler)
    i.NMI_Handler                            0x08002e72   Section        0  stm32f1xx_it.o(i.NMI_Handler)
    i.OLED_Clear                             0x08002e74   Section        0  oled.o(i.OLED_Clear)
    i.OLED_ColorTurn                         0x08002ea0   Section        0  oled.o(i.OLED_ColorTurn)
    i.OLED_DisplayTurn                       0x08002eb8   Section        0  oled.o(i.OLED_DisplayTurn)
    i.OLED_DrawLine                          0x08002ee4   Section        0  oled.o(i.OLED_DrawLine)
    i.OLED_DrawPoint                         0x08002f80   Section        0  oled.o(i.OLED_DrawPoint)
    i.OLED_Init                              0x08002fac   Section        0  oled.o(i.OLED_Init)
    i.OLED_Refresh                           0x080030b8   Section        0  oled.o(i.OLED_Refresh)
    i.OLED_ShowChar                          0x08003104   Section        0  oled.o(i.OLED_ShowChar)
    i.OLED_ShowPicture                       0x080031e8   Section        0  oled.o(i.OLED_ShowPicture)
    i.OLED_ShowString                        0x08003284   Section        0  oled.o(i.OLED_ShowString)
    i.OLED_WR_Byte                           0x080032c0   Section        0  oled.o(i.OLED_WR_Byte)
    i.PendSV_Handler                         0x08003330   Section        0  stm32f1xx_it.o(i.PendSV_Handler)
    i.RTC_Bcd2ToByte                         0x08003332   Section        0  stm32f1xx_hal_rtc.o(i.RTC_Bcd2ToByte)
    RTC_Bcd2ToByte                           0x08003333   Thumb Code    18  stm32f1xx_hal_rtc.o(i.RTC_Bcd2ToByte)
    i.RTC_ByteToBcd2                         0x08003344   Section        0  stm32f1xx_hal_rtc.o(i.RTC_ByteToBcd2)
    RTC_ByteToBcd2                           0x08003345   Thumb Code    22  stm32f1xx_hal_rtc.o(i.RTC_ByteToBcd2)
    i.RTC_DateUpdate                         0x0800335a   Section        0  stm32f1xx_hal_rtc.o(i.RTC_DateUpdate)
    RTC_DateUpdate                           0x0800335b   Thumb Code   174  stm32f1xx_hal_rtc.o(i.RTC_DateUpdate)
    i.RTC_EnterInitMode                      0x08003408   Section        0  stm32f1xx_hal_rtc.o(i.RTC_EnterInitMode)
    RTC_EnterInitMode                        0x08003409   Thumb Code    52  stm32f1xx_hal_rtc.o(i.RTC_EnterInitMode)
    i.RTC_ExitInitMode                       0x0800343c   Section        0  stm32f1xx_hal_rtc.o(i.RTC_ExitInitMode)
    RTC_ExitInitMode                         0x0800343d   Thumb Code    54  stm32f1xx_hal_rtc.o(i.RTC_ExitInitMode)
    i.RTC_IRQHandler                         0x08003474   Section        0  stm32f1xx_it.o(i.RTC_IRQHandler)
    i.RTC_ReadAlarmCounter                   0x08003480   Section        0  stm32f1xx_hal_rtc.o(i.RTC_ReadAlarmCounter)
    RTC_ReadAlarmCounter                     0x08003481   Thumb Code    14  stm32f1xx_hal_rtc.o(i.RTC_ReadAlarmCounter)
    i.RTC_ReadTimeCounter                    0x0800348e   Section        0  stm32f1xx_hal_rtc.o(i.RTC_ReadTimeCounter)
    RTC_ReadTimeCounter                      0x0800348f   Thumb Code    32  stm32f1xx_hal_rtc.o(i.RTC_ReadTimeCounter)
    i.RTC_WeekDayNum                         0x080034ae   Section        0  stm32f1xx_hal_rtc.o(i.RTC_WeekDayNum)
    RTC_WeekDayNum                           0x080034af   Thumb Code    86  stm32f1xx_hal_rtc.o(i.RTC_WeekDayNum)
    i.RTC_WriteAlarmCounter                  0x08003504   Section        0  stm32f1xx_hal_rtc.o(i.RTC_WriteAlarmCounter)
    RTC_WriteAlarmCounter                    0x08003505   Thumb Code    40  stm32f1xx_hal_rtc.o(i.RTC_WriteAlarmCounter)
    i.RTC_WriteTimeCounter                   0x0800352c   Section        0  stm32f1xx_hal_rtc.o(i.RTC_WriteTimeCounter)
    RTC_WriteTimeCounter                     0x0800352d   Thumb Code    40  stm32f1xx_hal_rtc.o(i.RTC_WriteTimeCounter)
    i.SVC_Handler                            0x08003554   Section        0  stm32f1xx_it.o(i.SVC_Handler)
    i.SysTick_Handler                        0x08003556   Section        0  stm32f1xx_it.o(i.SysTick_Handler)
    i.SystemClock_Config                     0x0800355a   Section        0  main.o(i.SystemClock_Config)
    i.SystemInit                             0x080035e0   Section        0  system_stm32f1xx.o(i.SystemInit)
    i.TIM2_IRQHandler                        0x080035e4   Section        0  stm32f1xx_it.o(i.TIM2_IRQHandler)
    i.TIM_Base_SetConfig                     0x080035f0   Section        0  stm32f1xx_hal_tim.o(i.TIM_Base_SetConfig)
    i.TIM_CCxChannelCmd                      0x08003668   Section        0  stm32f1xx_hal_tim.o(i.TIM_CCxChannelCmd)
    i.TIM_ETR_SetConfig                      0x08003682   Section        0  stm32f1xx_hal_tim.o(i.TIM_ETR_SetConfig)
    i.TIM_ITRx_SetConfig                     0x08003696   Section        0  stm32f1xx_hal_tim.o(i.TIM_ITRx_SetConfig)
    TIM_ITRx_SetConfig                       0x08003697   Thumb Code    16  stm32f1xx_hal_tim.o(i.TIM_ITRx_SetConfig)
    i.TIM_TI1_ConfigInputStage               0x080036a6   Section        0  stm32f1xx_hal_tim.o(i.TIM_TI1_ConfigInputStage)
    TIM_TI1_ConfigInputStage                 0x080036a7   Thumb Code    34  stm32f1xx_hal_tim.o(i.TIM_TI1_ConfigInputStage)
    i.TIM_TI1_SetConfig                      0x080036c8   Section        0  stm32f1xx_hal_tim.o(i.TIM_TI1_SetConfig)
    i.TIM_TI2_ConfigInputStage               0x08003720   Section        0  stm32f1xx_hal_tim.o(i.TIM_TI2_ConfigInputStage)
    TIM_TI2_ConfigInputStage                 0x08003721   Thumb Code    36  stm32f1xx_hal_tim.o(i.TIM_TI2_ConfigInputStage)
    i.TIM_TI2_SetConfig                      0x08003744   Section        0  stm32f1xx_hal_tim.o(i.TIM_TI2_SetConfig)
    TIM_TI2_SetConfig                        0x08003745   Thumb Code    54  stm32f1xx_hal_tim.o(i.TIM_TI2_SetConfig)
    i.UART_DMAAbortOnError                   0x0800377a   Section        0  stm32f1xx_hal_uart.o(i.UART_DMAAbortOnError)
    UART_DMAAbortOnError                     0x0800377b   Thumb Code    16  stm32f1xx_hal_uart.o(i.UART_DMAAbortOnError)
    i.UART_DMAError                          0x0800378a   Section        0  stm32f1xx_hal_uart.o(i.UART_DMAError)
    UART_DMAError                            0x0800378b   Thumb Code    74  stm32f1xx_hal_uart.o(i.UART_DMAError)
    i.UART_DMAReceiveCplt                    0x080037d4   Section        0  stm32f1xx_hal_uart.o(i.UART_DMAReceiveCplt)
    UART_DMAReceiveCplt                      0x080037d5   Thumb Code   134  stm32f1xx_hal_uart.o(i.UART_DMAReceiveCplt)
    i.UART_DMARxHalfCplt                     0x0800385a   Section        0  stm32f1xx_hal_uart.o(i.UART_DMARxHalfCplt)
    UART_DMARxHalfCplt                       0x0800385b   Thumb Code    30  stm32f1xx_hal_uart.o(i.UART_DMARxHalfCplt)
    i.UART_EndRxTransfer                     0x08003878   Section        0  stm32f1xx_hal_uart.o(i.UART_EndRxTransfer)
    UART_EndRxTransfer                       0x08003879   Thumb Code    78  stm32f1xx_hal_uart.o(i.UART_EndRxTransfer)
    i.UART_EndTxTransfer                     0x080038c6   Section        0  stm32f1xx_hal_uart.o(i.UART_EndTxTransfer)
    UART_EndTxTransfer                       0x080038c7   Thumb Code    28  stm32f1xx_hal_uart.o(i.UART_EndTxTransfer)
    i.UART_Receive_IT                        0x080038e2   Section        0  stm32f1xx_hal_uart.o(i.UART_Receive_IT)
    UART_Receive_IT                          0x080038e3   Thumb Code   194  stm32f1xx_hal_uart.o(i.UART_Receive_IT)
    i.UART_SetConfig                         0x080039a4   Section        0  stm32f1xx_hal_uart.o(i.UART_SetConfig)
    UART_SetConfig                           0x080039a5   Thumb Code   178  stm32f1xx_hal_uart.o(i.UART_SetConfig)
    i.UART_Start_Receive_DMA                 0x08003a5c   Section        0  stm32f1xx_hal_uart.o(i.UART_Start_Receive_DMA)
    i.UART_WaitOnFlagUntilTimeout            0x08003aec   Section        0  stm32f1xx_hal_uart.o(i.UART_WaitOnFlagUntilTimeout)
    UART_WaitOnFlagUntilTimeout              0x08003aed   Thumb Code   114  stm32f1xx_hal_uart.o(i.UART_WaitOnFlagUntilTimeout)
    i.USART1_IRQHandler                      0x08003b60   Section        0  stm32f1xx_it.o(i.USART1_IRQHandler)
    i.UsageFault_Handler                     0x08003ba8   Section        0  stm32f1xx_it.o(i.UsageFault_Handler)
    i.__0sprintf                             0x08003bac   Section        0  printfa.o(i.__0sprintf)
    i.__NVIC_SetPriority                     0x08003bd4   Section        0  stm32f1xx_hal_cortex.o(i.__NVIC_SetPriority)
    __NVIC_SetPriority                       0x08003bd5   Thumb Code    32  stm32f1xx_hal_cortex.o(i.__NVIC_SetPriority)
    i.__scatterload_copy                     0x08003bf4   Section       14  handlers.o(i.__scatterload_copy)
    i.__scatterload_null                     0x08003c02   Section        2  handlers.o(i.__scatterload_null)
    i.__scatterload_zeroinit                 0x08003c04   Section       14  handlers.o(i.__scatterload_zeroinit)
    i._fp_digits                             0x08003c14   Section        0  printfa.o(i._fp_digits)
    _fp_digits                               0x08003c15   Thumb Code   366  printfa.o(i._fp_digits)
    i._printf_core                           0x08003d98   Section        0  printfa.o(i._printf_core)
    _printf_core                             0x08003d99   Thumb Code  1744  printfa.o(i._printf_core)
    i._printf_post_padding                   0x08004474   Section        0  printfa.o(i._printf_post_padding)
    _printf_post_padding                     0x08004475   Thumb Code    36  printfa.o(i._printf_post_padding)
    i._printf_pre_padding                    0x08004498   Section        0  printfa.o(i._printf_pre_padding)
    _printf_pre_padding                      0x08004499   Thumb Code    46  printfa.o(i._printf_pre_padding)
    i._sputc                                 0x080044c6   Section        0  printfa.o(i._sputc)
    _sputc                                   0x080044c7   Thumb Code    10  printfa.o(i._sputc)
    i.clear_view                             0x080044d0   Section        0  ui_setting.o(i.clear_view)
    i.date_page                              0x080044f0   Section        0  ui_miner_setting_data.o(i.date_page)
    i.delay_us                               0x08004518   Section        0  sr04.o(i.delay_us)
    i.distance_page                          0x08004534   Section        0  ui_miner_setting_distance.o(i.distance_page)
    i.distance_view                          0x0800453c   Section        0  ui_miner_setting_distance.o(i.distance_view)
    distance_view                            0x0800453d   Thumb Code   132  ui_miner_setting_distance.o(i.distance_view)
    i.ecb02_connected                        0x080045e4   Section        0  ecb02.o(i.ecb02_connected)
    i.ecb02_disconnected                     0x0800460c   Section        0  ecb02.o(i.ecb02_disconnected)
    i.handle_date_page                       0x08004634   Section        0  ui_miner_setting_data.o(i.handle_date_page)
    i.handle_distance_page                   0x08004754   Section        0  ui_miner_setting_distance.o(i.handle_distance_page)
    i.handle_light_page                      0x080047e4   Section        0  ui_miner_setting_lighting.o(i.handle_light_page)
    i.light_page                             0x080048e8   Section        0  ui_miner_setting_lighting.o(i.light_page)
    i.main                                   0x08004900   Section        0  main.o(i.main)
    i.show_date                              0x08004940   Section        0  ui_miner_setting_data.o(i.show_date)
    show_date                                0x08004941   Thumb Code   432  ui_miner_setting_data.o(i.show_date)
    i.show_lighting                          0x08004b38   Section        0  ui_miner_setting_lighting.o(i.show_lighting)
    show_lighting                            0x08004b39   Thumb Code   274  ui_miner_setting_lighting.o(i.show_lighting)
    i.sr04_getdata                           0x08004c84   Section        0  sr04.o(i.sr04_getdata)
    i.ui_home                                0x08004d40   Section        0  ui_home.o(i.ui_home)
    i.ui_setting                             0x08004fa4   Section        0  ui_setting.o(i.ui_setting)
    .constdata                               0x08005228   Section       18  stm32f1xx_hal_rcc.o(.constdata)
    aPredivFactorTable                       0x08005228   Data           2  stm32f1xx_hal_rcc.o(.constdata)
    aPLLMULFactorTable                       0x0800522a   Data          16  stm32f1xx_hal_rcc.o(.constdata)
    .constdata                               0x0800523a   Section       18  stm32f1xx_hal_rcc_ex.o(.constdata)
    aPredivFactorTable                       0x0800523a   Data           2  stm32f1xx_hal_rcc_ex.o(.constdata)
    aPLLMULFactorTable                       0x0800523c   Data          16  stm32f1xx_hal_rcc_ex.o(.constdata)
    .constdata                               0x0800524c   Section       16  system_stm32f1xx.o(.constdata)
    .constdata                               0x0800525c   Section        8  system_stm32f1xx.o(.constdata)
    .constdata                               0x08005264   Section     7696  oled.o(.constdata)
    .constdata                               0x08007074   Section       32  ui_home.o(.constdata)
    .data                                    0x20000000   Section        1  gpio.o(.data)
    .data                                    0x20000001   Section        8  rtc.o(.data)
    .data                                    0x20000009   Section        1  usart.o(.data)
    .data                                    0x2000000a   Section        1  usart.o(.data)
    .data                                    0x2000000c   Section       12  stm32f1xx_hal.o(.data)
    .data                                    0x20000018   Section        4  system_stm32f1xx.o(.data)
    .data                                    0x2000001c   Section       12  sr04.o(.data)
    .data                                    0x20000028   Section       12  ui_home.o(.data)
    ble_connected                            0x20000029   Data           1  ui_home.o(.data)
    .data                                    0x20000034   Section        4  ui_setting.o(.data)
    .bss                                     0x20000038   Section       48  adc.o(.bss)
    .bss                                     0x20000068   Section       20  rtc.o(.bss)
    .bss                                     0x2000007c   Section       72  tim.o(.bss)
    .bss                                     0x200000c4   Section      312  usart.o(.bss)
    .bss                                     0x200001fc   Section     1152  oled.o(.bss)
    .bss                                     0x2000067c   Section       12  sr04.o(.bss)
    STACK                                    0x20000688   Section     1024  startup_stm32f103xb.o(STACK)

    Global Symbols

    Symbol Name                              Value     Ov Type        Size  Object(Section)

    BuildAttributes$$THM_ISAv4$P$D$K$B$S$PE$A:L22UL41UL21$X:L11$S22US41US21$IEEE1$IW$USESV6$~STKCKD$USESV7$~SHL$OTIME$ROPI$EBA8$MICROLIB$REQ8$PRES8$EABIv2 0x00000000   Number         0  anon$$obj.o ABSOLUTE
    __ARM_use_no_argv                        0x00000000   Number         0  main.o ABSOLUTE
    _printf_a                                0x00000000   Number         0  stubs.o ABSOLUTE
    _printf_c                                0x00000000   Number         0  stubs.o ABSOLUTE
    _printf_charcount                        0x00000000   Number         0  stubs.o ABSOLUTE
    _printf_d                                0x00000000   Number         0  stubs.o ABSOLUTE
    _printf_e                                0x00000000   Number         0  stubs.o ABSOLUTE
    _printf_f                                0x00000000   Number         0  stubs.o ABSOLUTE
    _printf_flags                            0x00000000   Number         0  stubs.o ABSOLUTE
    _printf_fp_dec                           0x00000000   Number         0  stubs.o ABSOLUTE
    _printf_fp_hex                           0x00000000   Number         0  stubs.o ABSOLUTE
    _printf_g                                0x00000000   Number         0  stubs.o ABSOLUTE
    _printf_i                                0x00000000   Number         0  stubs.o ABSOLUTE
    _printf_int_dec                          0x00000000   Number         0  stubs.o ABSOLUTE
    _printf_l                                0x00000000   Number         0  stubs.o ABSOLUTE
    _printf_lc                               0x00000000   Number         0  stubs.o ABSOLUTE
    _printf_ll                               0x00000000   Number         0  stubs.o ABSOLUTE
    _printf_lld                              0x00000000   Number         0  stubs.o ABSOLUTE
    _printf_lli                              0x00000000   Number         0  stubs.o ABSOLUTE
    _printf_llo                              0x00000000   Number         0  stubs.o ABSOLUTE
    _printf_llu                              0x00000000   Number         0  stubs.o ABSOLUTE
    _printf_llx                              0x00000000   Number         0  stubs.o ABSOLUTE
    _printf_longlong_dec                     0x00000000   Number         0  stubs.o ABSOLUTE
    _printf_longlong_hex                     0x00000000   Number         0  stubs.o ABSOLUTE
    _printf_longlong_oct                     0x00000000   Number         0  stubs.o ABSOLUTE
    _printf_ls                               0x00000000   Number         0  stubs.o ABSOLUTE
    _printf_mbtowc                           0x00000000   Number         0  stubs.o ABSOLUTE
    _printf_n                                0x00000000   Number         0  stubs.o ABSOLUTE
    _printf_o                                0x00000000   Number         0  stubs.o ABSOLUTE
    _printf_p                                0x00000000   Number         0  stubs.o ABSOLUTE
    _printf_percent                          0x00000000   Number         0  stubs.o ABSOLUTE
    _printf_pre_padding                      0x00000000   Number         0  stubs.o ABSOLUTE
    _printf_return_value                     0x00000000   Number         0  stubs.o ABSOLUTE
    _printf_s                                0x00000000   Number         0  stubs.o ABSOLUTE
    _printf_sizespec                         0x00000000   Number         0  stubs.o ABSOLUTE
    _printf_str                              0x00000000   Number         0  stubs.o ABSOLUTE
    _printf_truncate_signed                  0x00000000   Number         0  stubs.o ABSOLUTE
    _printf_truncate_unsigned                0x00000000   Number         0  stubs.o ABSOLUTE
    _printf_u                                0x00000000   Number         0  stubs.o ABSOLUTE
    _printf_wc                               0x00000000   Number         0  stubs.o ABSOLUTE
    _printf_wctomb                           0x00000000   Number         0  stubs.o ABSOLUTE
    _printf_widthprec                        0x00000000   Number         0  stubs.o ABSOLUTE
    _printf_x                                0x00000000   Number         0  stubs.o ABSOLUTE
    __cpp_initialize__aeabi_                  - Undefined Weak Reference
    __cxa_finalize                            - Undefined Weak Reference
    __decompress                              - Undefined Weak Reference
    _clock_init                               - Undefined Weak Reference
    _microlib_exit                            - Undefined Weak Reference
    __Vectors_Size                           0x000000ec   Number         0  startup_stm32f103xb.o ABSOLUTE
    __Vectors                                0x08000000   Data           4  startup_stm32f103xb.o(RESET)
    __Vectors_End                            0x080000ec   Data           0  startup_stm32f103xb.o(RESET)
    __main                                   0x080000ed   Thumb Code     0  entry.o(.ARM.Collect$$$$00000000)
    _main_stk                                0x080000ed   Thumb Code     0  entry2.o(.ARM.Collect$$$$00000001)
    _main_scatterload                        0x080000f1   Thumb Code     0  entry5.o(.ARM.Collect$$$$00000004)
    __main_after_scatterload                 0x080000f5   Thumb Code     0  entry5.o(.ARM.Collect$$$$00000004)
    _main_clock                              0x080000f5   Thumb Code     0  entry7b.o(.ARM.Collect$$$$00000008)
    _main_cpp_init                           0x080000f5   Thumb Code     0  entry8b.o(.ARM.Collect$$$$0000000A)
    _main_init                               0x080000f5   Thumb Code     0  entry9a.o(.ARM.Collect$$$$0000000B)
    __rt_final_cpp                           0x080000fd   Thumb Code     0  entry10a.o(.ARM.Collect$$$$0000000D)
    __rt_final_exit                          0x080000fd   Thumb Code     0  entry11a.o(.ARM.Collect$$$$0000000F)
    Reset_Handler                            0x08000101   Thumb Code     8  startup_stm32f103xb.o(.text)
    ADC1_2_IRQHandler                        0x0800011b   Thumb Code     0  startup_stm32f103xb.o(.text)
    CAN1_RX1_IRQHandler                      0x0800011b   Thumb Code     0  startup_stm32f103xb.o(.text)
    CAN1_SCE_IRQHandler                      0x0800011b   Thumb Code     0  startup_stm32f103xb.o(.text)
    DMA1_Channel1_IRQHandler                 0x0800011b   Thumb Code     0  startup_stm32f103xb.o(.text)
    DMA1_Channel2_IRQHandler                 0x0800011b   Thumb Code     0  startup_stm32f103xb.o(.text)
    DMA1_Channel3_IRQHandler                 0x0800011b   Thumb Code     0  startup_stm32f103xb.o(.text)
    DMA1_Channel4_IRQHandler                 0x0800011b   Thumb Code     0  startup_stm32f103xb.o(.text)
    DMA1_Channel6_IRQHandler                 0x0800011b   Thumb Code     0  startup_stm32f103xb.o(.text)
    DMA1_Channel7_IRQHandler                 0x0800011b   Thumb Code     0  startup_stm32f103xb.o(.text)
    EXTI2_IRQHandler                         0x0800011b   Thumb Code     0  startup_stm32f103xb.o(.text)
    EXTI3_IRQHandler                         0x0800011b   Thumb Code     0  startup_stm32f103xb.o(.text)
    EXTI4_IRQHandler                         0x0800011b   Thumb Code     0  startup_stm32f103xb.o(.text)
    EXTI9_5_IRQHandler                       0x0800011b   Thumb Code     0  startup_stm32f103xb.o(.text)
    FLASH_IRQHandler                         0x0800011b   Thumb Code     0  startup_stm32f103xb.o(.text)
    I2C1_ER_IRQHandler                       0x0800011b   Thumb Code     0  startup_stm32f103xb.o(.text)
    I2C1_EV_IRQHandler                       0x0800011b   Thumb Code     0  startup_stm32f103xb.o(.text)
    I2C2_ER_IRQHandler                       0x0800011b   Thumb Code     0  startup_stm32f103xb.o(.text)
    I2C2_EV_IRQHandler                       0x0800011b   Thumb Code     0  startup_stm32f103xb.o(.text)
    PVD_IRQHandler                           0x0800011b   Thumb Code     0  startup_stm32f103xb.o(.text)
    RCC_IRQHandler                           0x0800011b   Thumb Code     0  startup_stm32f103xb.o(.text)
    RTC_Alarm_IRQHandler                     0x0800011b   Thumb Code     0  startup_stm32f103xb.o(.text)
    SPI1_IRQHandler                          0x0800011b   Thumb Code     0  startup_stm32f103xb.o(.text)
    SPI2_IRQHandler                          0x0800011b   Thumb Code     0  startup_stm32f103xb.o(.text)
    TAMPER_IRQHandler                        0x0800011b   Thumb Code     0  startup_stm32f103xb.o(.text)
    TIM1_BRK_IRQHandler                      0x0800011b   Thumb Code     0  startup_stm32f103xb.o(.text)
    TIM1_CC_IRQHandler                       0x0800011b   Thumb Code     0  startup_stm32f103xb.o(.text)
    TIM1_TRG_COM_IRQHandler                  0x0800011b   Thumb Code     0  startup_stm32f103xb.o(.text)
    TIM1_UP_IRQHandler                       0x0800011b   Thumb Code     0  startup_stm32f103xb.o(.text)
    TIM3_IRQHandler                          0x0800011b   Thumb Code     0  startup_stm32f103xb.o(.text)
    TIM4_IRQHandler                          0x0800011b   Thumb Code     0  startup_stm32f103xb.o(.text)
    USART2_IRQHandler                        0x0800011b   Thumb Code     0  startup_stm32f103xb.o(.text)
    USART3_IRQHandler                        0x0800011b   Thumb Code     0  startup_stm32f103xb.o(.text)
    USBWakeUp_IRQHandler                     0x0800011b   Thumb Code     0  startup_stm32f103xb.o(.text)
    USB_HP_CAN1_TX_IRQHandler                0x0800011b   Thumb Code     0  startup_stm32f103xb.o(.text)
    USB_LP_CAN1_RX0_IRQHandler               0x0800011b   Thumb Code     0  startup_stm32f103xb.o(.text)
    WWDG_IRQHandler                          0x0800011b   Thumb Code     0  startup_stm32f103xb.o(.text)
    __aeabi_llsr                             0x08000125   Thumb Code    32  llushr.o(.text)
    _ll_ushift_r                             0x08000125   Thumb Code     0  llushr.o(.text)
    __aeabi_memset                           0x08000145   Thumb Code    14  memseta.o(.text)
    __aeabi_memset4                          0x08000145   Thumb Code     0  memseta.o(.text)
    __aeabi_memset8                          0x08000145   Thumb Code     0  memseta.o(.text)
    __aeabi_memclr                           0x08000153   Thumb Code     4  memseta.o(.text)
    __aeabi_memclr4                          0x08000153   Thumb Code     0  memseta.o(.text)
    __aeabi_memclr8                          0x08000153   Thumb Code     0  memseta.o(.text)
    _memset$wrapper                          0x08000157   Thumb Code    18  memseta.o(.text)
    strstr                                   0x08000169   Thumb Code    36  strstr.o(.text)
    __aeabi_fadd                             0x0800018d   Thumb Code   164  fadd.o(.text)
    __aeabi_fsub                             0x08000231   Thumb Code     6  fadd.o(.text)
    __aeabi_frsub                            0x08000237   Thumb Code     6  fadd.o(.text)
    __aeabi_dadd                             0x0800023d   Thumb Code   322  dadd.o(.text)
    __aeabi_dsub                             0x0800037f   Thumb Code     6  dadd.o(.text)
    __aeabi_drsub                            0x08000385   Thumb Code     6  dadd.o(.text)
    __aeabi_dmul                             0x0800038b   Thumb Code   228  dmul.o(.text)
    __ARM_scalbn                             0x0800046f   Thumb Code    46  dscalb.o(.text)
    scalbn                                   0x0800046f   Thumb Code     0  dscalb.o(.text)
    __aeabi_ui2f                             0x0800049d   Thumb Code    10  ffltui.o(.text)
    __aeabi_ui2d                             0x080004a7   Thumb Code    26  dfltui.o(.text)
    __aeabi_f2d                              0x080004c1   Thumb Code    38  f2d.o(.text)
    __aeabi_d2f                              0x080004e7   Thumb Code    56  d2f.o(.text)
    __aeabi_cfcmpeq                          0x08000521   Thumb Code     0  cfcmple.o(.text)
    __aeabi_cfcmple                          0x08000521   Thumb Code    20  cfcmple.o(.text)
    __aeabi_cfrcmple                         0x08000535   Thumb Code    20  cfrcmple.o(.text)
    __aeabi_uidiv                            0x08000549   Thumb Code     0  uidiv.o(.text)
    __aeabi_uidivmod                         0x08000549   Thumb Code    44  uidiv.o(.text)
    __aeabi_uldivmod                         0x08000575   Thumb Code    98  uldiv.o(.text)
    __aeabi_llsl                             0x080005d7   Thumb Code    30  llshl.o(.text)
    _ll_shift_l                              0x080005d7   Thumb Code     0  llshl.o(.text)
    __aeabi_lasr                             0x080005f5   Thumb Code    36  llsshr.o(.text)
    _ll_sshift_r                             0x080005f5   Thumb Code     0  llsshr.o(.text)
    __I$use$fp                               0x08000619   Thumb Code     0  iusefp.o(.text)
    _float_round                             0x08000619   Thumb Code    18  fepilogue.o(.text)
    _float_epilogue                          0x0800062b   Thumb Code    92  fepilogue.o(.text)
    _double_round                            0x08000687   Thumb Code    30  depilogue.o(.text)
    _double_epilogue                         0x080006a5   Thumb Code   156  depilogue.o(.text)
    __aeabi_ddiv                             0x08000741   Thumb Code   222  ddiv.o(.text)
    __aeabi_d2ulz                            0x0800081f   Thumb Code    48  dfixul.o(.text)
    __aeabi_cdrcmple                         0x08000851   Thumb Code    48  cdrcmple.o(.text)
    __scatterload                            0x08000881   Thumb Code    28  init.o(.text)
    __scatterload_rt2                        0x08000881   Thumb Code     0  init.o(.text)
    ADC_ConversionStop_Disable               0x080008a5   Thumb Code    86  stm32f1xx_hal_adc.o(i.ADC_ConversionStop_Disable)
    ADC_Enable                               0x080008fd   Thumb Code   114  stm32f1xx_hal_adc.o(i.ADC_Enable)
    BusFault_Handler                         0x08000979   Thumb Code     2  stm32f1xx_it.o(i.BusFault_Handler)
    DMA1_Channel5_IRQHandler                 0x0800097d   Thumb Code     6  stm32f1xx_it.o(i.DMA1_Channel5_IRQHandler)
    DebugMon_Handler                         0x080009b3   Thumb Code     2  stm32f1xx_it.o(i.DebugMon_Handler)
    EXTI0_IRQHandler                         0x080009b5   Thumb Code     6  stm32f1xx_it.o(i.EXTI0_IRQHandler)
    EXTI15_10_IRQHandler                     0x080009bb   Thumb Code     8  stm32f1xx_it.o(i.EXTI15_10_IRQHandler)
    EXTI1_IRQHandler                         0x080009c3   Thumb Code     6  stm32f1xx_it.o(i.EXTI1_IRQHandler)
    Error_Handler                            0x080009c9   Thumb Code     4  main.o(i.Error_Handler)
    HAL_ADC_ConfigChannel                    0x080009cd   Thumb Code   240  stm32f1xx_hal_adc.o(i.HAL_ADC_ConfigChannel)
    HAL_ADC_GetValue                         0x08000ac9   Thumb Code     6  stm32f1xx_hal_adc.o(i.HAL_ADC_GetValue)
    HAL_ADC_Init                             0x08000ad1   Thumb Code   272  stm32f1xx_hal_adc.o(i.HAL_ADC_Init)
    HAL_ADC_MspInit                          0x08000bed   Thumb Code    76  adc.o(i.HAL_ADC_MspInit)
    HAL_ADC_PollForConversion                0x08000c45   Thumb Code   304  stm32f1xx_hal_adc.o(i.HAL_ADC_PollForConversion)
    HAL_ADC_Start                            0x08000d81   Thumb Code   184  stm32f1xx_hal_adc.o(i.HAL_ADC_Start)
    HAL_DMA_Abort                            0x08000e41   Thumb Code    70  stm32f1xx_hal_dma.o(i.HAL_DMA_Abort)
    HAL_DMA_Abort_IT                         0x08000e89   Thumb Code   148  stm32f1xx_hal_dma.o(i.HAL_DMA_Abort_IT)
    HAL_DMA_IRQHandler                       0x08000f21   Thumb Code   316  stm32f1xx_hal_dma.o(i.HAL_DMA_IRQHandler)
    HAL_DMA_Init                             0x08001075   Thumb Code    84  stm32f1xx_hal_dma.o(i.HAL_DMA_Init)
    HAL_DMA_Start_IT                         0x080010d1   Thumb Code   112  stm32f1xx_hal_dma.o(i.HAL_DMA_Start_IT)
    HAL_Delay                                0x08001141   Thumb Code    32  stm32f1xx_hal.o(i.HAL_Delay)
    HAL_GPIO_EXTI_Callback                   0x08001165   Thumb Code    22  gpio.o(i.HAL_GPIO_EXTI_Callback)
    HAL_GPIO_EXTI_IRQHandler                 0x08001181   Thumb Code    18  stm32f1xx_hal_gpio.o(i.HAL_GPIO_EXTI_IRQHandler)
    HAL_GPIO_Init                            0x08001199   Thumb Code   446  stm32f1xx_hal_gpio.o(i.HAL_GPIO_Init)
    HAL_GPIO_WritePin                        0x08001379   Thumb Code    10  stm32f1xx_hal_gpio.o(i.HAL_GPIO_WritePin)
    HAL_GetTick                              0x08001385   Thumb Code     6  stm32f1xx_hal.o(i.HAL_GetTick)
    HAL_IncTick                              0x08001391   Thumb Code    12  stm32f1xx_hal.o(i.HAL_IncTick)
    HAL_Init                                 0x080013a1   Thumb Code    32  stm32f1xx_hal.o(i.HAL_Init)
    HAL_InitTick                             0x080013c5   Thumb Code    54  stm32f1xx_hal.o(i.HAL_InitTick)
    HAL_MspInit                              0x08001405   Thumb Code    52  stm32f1xx_hal_msp.o(i.HAL_MspInit)
    HAL_NVIC_EnableIRQ                       0x08001441   Thumb Code    26  stm32f1xx_hal_cortex.o(i.HAL_NVIC_EnableIRQ)
    HAL_NVIC_SetPriority                     0x0800145d   Thumb Code    60  stm32f1xx_hal_cortex.o(i.HAL_NVIC_SetPriority)
    HAL_NVIC_SetPriorityGrouping             0x0800149d   Thumb Code    26  stm32f1xx_hal_cortex.o(i.HAL_NVIC_SetPriorityGrouping)
    HAL_PWR_EnableBkUpAccess                 0x080014c1   Thumb Code     8  stm32f1xx_hal_pwr.o(i.HAL_PWR_EnableBkUpAccess)
    HAL_RCCEx_GetPeriphCLKFreq               0x080014cd   Thumb Code   148  stm32f1xx_hal_rcc_ex.o(i.HAL_RCCEx_GetPeriphCLKFreq)
    HAL_RCCEx_PeriphCLKConfig                0x08001571   Thumb Code   224  stm32f1xx_hal_rcc_ex.o(i.HAL_RCCEx_PeriphCLKConfig)
    HAL_RCC_ClockConfig                      0x0800165d   Thumb Code   280  stm32f1xx_hal_rcc.o(i.HAL_RCC_ClockConfig)
    HAL_RCC_GetHCLKFreq                      0x08001789   Thumb Code     6  stm32f1xx_hal_rcc.o(i.HAL_RCC_GetHCLKFreq)
    HAL_RCC_GetPCLK1Freq                     0x08001795   Thumb Code    20  stm32f1xx_hal_rcc.o(i.HAL_RCC_GetPCLK1Freq)
    HAL_RCC_GetPCLK2Freq                     0x080017b5   Thumb Code    20  stm32f1xx_hal_rcc.o(i.HAL_RCC_GetPCLK2Freq)
    HAL_RCC_GetSysClockFreq                  0x080017d5   Thumb Code    58  stm32f1xx_hal_rcc.o(i.HAL_RCC_GetSysClockFreq)
    HAL_RCC_OscConfig                        0x08001821   Thumb Code   778  stm32f1xx_hal_rcc.o(i.HAL_RCC_OscConfig)
    HAL_RTCEx_RTCEventCallback               0x08001b41   Thumb Code    46  rtc.o(i.HAL_RTCEx_RTCEventCallback)
    HAL_RTCEx_RTCEventErrorCallback          0x08001b79   Thumb Code     2  stm32f1xx_hal_rtc_ex.o(i.HAL_RTCEx_RTCEventErrorCallback)
    HAL_RTCEx_RTCIRQHandler                  0x08001b7b   Thumb Code    62  stm32f1xx_hal_rtc_ex.o(i.HAL_RTCEx_RTCIRQHandler)
    HAL_RTC_GetDate                          0x08001bb9   Thumb Code    78  stm32f1xx_hal_rtc.o(i.HAL_RTC_GetDate)
    HAL_RTC_GetTime                          0x08001c07   Thumb Code   216  stm32f1xx_hal_rtc.o(i.HAL_RTC_GetTime)
    HAL_RTC_Init                             0x08001ce1   Thumb Code   144  stm32f1xx_hal_rtc.o(i.HAL_RTC_Init)
    HAL_RTC_MspInit                          0x08001d75   Thumb Code    68  rtc.o(i.HAL_RTC_MspInit)
    HAL_RTC_SetDate                          0x08001dc9   Thumb Code   192  stm32f1xx_hal_rtc.o(i.HAL_RTC_SetDate)
    HAL_RTC_SetTime                          0x08001e8d   Thumb Code   168  stm32f1xx_hal_rtc.o(i.HAL_RTC_SetTime)
    HAL_RTC_WaitForSynchro                   0x08001f39   Thumb Code    58  stm32f1xx_hal_rtc.o(i.HAL_RTC_WaitForSynchro)
    HAL_SYSTICK_Config                       0x08001f73   Thumb Code    40  stm32f1xx_hal_cortex.o(i.HAL_SYSTICK_Config)
    HAL_TIMEx_BreakCallback                  0x08001f9b   Thumb Code     2  stm32f1xx_hal_tim_ex.o(i.HAL_TIMEx_BreakCallback)
    HAL_TIMEx_CommutCallback                 0x08001f9d   Thumb Code     2  stm32f1xx_hal_tim_ex.o(i.HAL_TIMEx_CommutCallback)
    HAL_TIMEx_MasterConfigSynchronization    0x08001fa1   Thumb Code    92  stm32f1xx_hal_tim_ex.o(i.HAL_TIMEx_MasterConfigSynchronization)
    HAL_TIM_Base_Init                        0x08002009   Thumb Code    90  stm32f1xx_hal_tim.o(i.HAL_TIM_Base_Init)
    HAL_TIM_Base_MspInit                     0x08002065   Thumb Code   108  tim.o(i.HAL_TIM_Base_MspInit)
    HAL_TIM_ConfigClockSource                0x080020dd   Thumb Code   220  stm32f1xx_hal_tim.o(i.HAL_TIM_ConfigClockSource)
    HAL_TIM_IC_CaptureCallback               0x080021b9   Thumb Code    84  sr04.o(i.HAL_TIM_IC_CaptureCallback)
    HAL_TIM_IC_ConfigChannel                 0x08002219   Thumb Code   292  stm32f1xx_hal_tim.o(i.HAL_TIM_IC_ConfigChannel)
    HAL_TIM_IC_Init                          0x0800233d   Thumb Code    90  stm32f1xx_hal_tim.o(i.HAL_TIM_IC_Init)
    HAL_TIM_IC_MspInit                       0x08002397   Thumb Code     2  stm32f1xx_hal_tim.o(i.HAL_TIM_IC_MspInit)
    HAL_TIM_IC_Start_IT                      0x08002399   Thumb Code   216  stm32f1xx_hal_tim.o(i.HAL_TIM_IC_Start_IT)
    HAL_TIM_IC_Stop_IT                       0x0800247d   Thumb Code   146  stm32f1xx_hal_tim.o(i.HAL_TIM_IC_Stop_IT)
    HAL_TIM_IRQHandler                       0x0800250f   Thumb Code   304  stm32f1xx_hal_tim.o(i.HAL_TIM_IRQHandler)
    HAL_TIM_OC_DelayElapsedCallback          0x0800263f   Thumb Code     2  stm32f1xx_hal_tim.o(i.HAL_TIM_OC_DelayElapsedCallback)
    HAL_TIM_PWM_PulseFinishedCallback        0x08002641   Thumb Code     2  stm32f1xx_hal_tim.o(i.HAL_TIM_PWM_PulseFinishedCallback)
    HAL_TIM_PeriodElapsedCallback            0x08002643   Thumb Code     2  stm32f1xx_hal_tim.o(i.HAL_TIM_PeriodElapsedCallback)
    HAL_TIM_ReadCapturedValue                0x08002645   Thumb Code    42  stm32f1xx_hal_tim.o(i.HAL_TIM_ReadCapturedValue)
    HAL_TIM_TriggerCallback                  0x0800266f   Thumb Code     2  stm32f1xx_hal_tim.o(i.HAL_TIM_TriggerCallback)
    HAL_UARTEx_RxEventCallback               0x08002671   Thumb Code     2  stm32f1xx_hal_uart.o(i.HAL_UARTEx_RxEventCallback)
    HAL_UART_DMAStop                         0x08002673   Thumb Code   112  stm32f1xx_hal_uart.o(i.HAL_UART_DMAStop)
    HAL_UART_ErrorCallback                   0x080026e3   Thumb Code     2  stm32f1xx_hal_uart.o(i.HAL_UART_ErrorCallback)
    HAL_UART_IRQHandler                      0x080026e5   Thumb Code   616  stm32f1xx_hal_uart.o(i.HAL_UART_IRQHandler)
    HAL_UART_Init                            0x08002951   Thumb Code   100  stm32f1xx_hal_uart.o(i.HAL_UART_Init)
    HAL_UART_MspInit                         0x080029b5   Thumb Code   226  usart.o(i.HAL_UART_MspInit)
    HAL_UART_Receive_DMA                     0x08002ab1   Thumb Code    28  stm32f1xx_hal_uart.o(i.HAL_UART_Receive_DMA)
    HAL_UART_RxCpltCallback                  0x08002acd   Thumb Code     2  stm32f1xx_hal_uart.o(i.HAL_UART_RxCpltCallback)
    HAL_UART_RxHalfCpltCallback              0x08002acf   Thumb Code     2  stm32f1xx_hal_uart.o(i.HAL_UART_RxHalfCpltCallback)
    HAL_UART_Transmit                        0x08002ad1   Thumb Code   160  stm32f1xx_hal_uart.o(i.HAL_UART_Transmit)
    HAL_UART_TxCpltCallback                  0x08002b71   Thumb Code     2  stm32f1xx_hal_uart.o(i.HAL_UART_TxCpltCallback)
    HardFault_Handler                        0x08002b73   Thumb Code     2  stm32f1xx_it.o(i.HardFault_Handler)
    MX_ADC1_Init                             0x08002b75   Thumb Code    70  adc.o(i.MX_ADC1_Init)
    MX_DMA_Init                              0x08002bc5   Thumb Code    40  dma.o(i.MX_DMA_Init)
    MX_GPIO_Init                             0x08002bf1   Thumb Code   228  gpio.o(i.MX_GPIO_Init)
    MX_RTC_Init                              0x08002ce9   Thumb Code   104  rtc.o(i.MX_RTC_Init)
    MX_TIM2_Init                             0x08002d59   Thumb Code   144  tim.o(i.MX_TIM2_Init)
    MX_USART1_UART_Init                      0x08002ded   Thumb Code    68  usart.o(i.MX_USART1_UART_Init)
    MX_USART2_UART_Init                      0x08002e39   Thumb Code    48  usart.o(i.MX_USART2_UART_Init)
    MemManage_Handler                        0x08002e71   Thumb Code     2  stm32f1xx_it.o(i.MemManage_Handler)
    NMI_Handler                              0x08002e73   Thumb Code     2  stm32f1xx_it.o(i.NMI_Handler)
    OLED_Clear                               0x08002e75   Thumb Code    40  oled.o(i.OLED_Clear)
    OLED_ColorTurn                           0x08002ea1   Thumb Code    24  oled.o(i.OLED_ColorTurn)
    OLED_DisplayTurn                         0x08002eb9   Thumb Code    44  oled.o(i.OLED_DisplayTurn)
    OLED_DrawLine                            0x08002ee5   Thumb Code   156  oled.o(i.OLED_DrawLine)
    OLED_DrawPoint                           0x08002f81   Thumb Code    40  oled.o(i.OLED_DrawPoint)
    OLED_Init                                0x08002fad   Thumb Code   262  oled.o(i.OLED_Init)
    OLED_Refresh                             0x080030b9   Thumb Code    70  oled.o(i.OLED_Refresh)
    OLED_ShowChar                            0x08003105   Thumb Code   212  oled.o(i.OLED_ShowChar)
    OLED_ShowPicture                         0x080031e9   Thumb Code   156  oled.o(i.OLED_ShowPicture)
    OLED_ShowString                          0x08003285   Thumb Code    60  oled.o(i.OLED_ShowString)
    OLED_WR_Byte                             0x080032c1   Thumb Code   108  oled.o(i.OLED_WR_Byte)
    PendSV_Handler                           0x08003331   Thumb Code     2  stm32f1xx_it.o(i.PendSV_Handler)
    RTC_IRQHandler                           0x08003475   Thumb Code     6  stm32f1xx_it.o(i.RTC_IRQHandler)
    SVC_Handler                              0x08003555   Thumb Code     2  stm32f1xx_it.o(i.SVC_Handler)
    SysTick_Handler                          0x08003557   Thumb Code     4  stm32f1xx_it.o(i.SysTick_Handler)
    SystemClock_Config                       0x0800355b   Thumb Code   134  main.o(i.SystemClock_Config)
    SystemInit                               0x080035e1   Thumb Code     2  system_stm32f1xx.o(i.SystemInit)
    TIM2_IRQHandler                          0x080035e5   Thumb Code     6  stm32f1xx_it.o(i.TIM2_IRQHandler)
    TIM_Base_SetConfig                       0x080035f1   Thumb Code   108  stm32f1xx_hal_tim.o(i.TIM_Base_SetConfig)
    TIM_CCxChannelCmd                        0x08003669   Thumb Code    26  stm32f1xx_hal_tim.o(i.TIM_CCxChannelCmd)
    TIM_ETR_SetConfig                        0x08003683   Thumb Code    20  stm32f1xx_hal_tim.o(i.TIM_ETR_SetConfig)
    TIM_TI1_SetConfig                        0x080036c9   Thumb Code    76  stm32f1xx_hal_tim.o(i.TIM_TI1_SetConfig)
    UART_Start_Receive_DMA                   0x08003a5d   Thumb Code   130  stm32f1xx_hal_uart.o(i.UART_Start_Receive_DMA)
    USART1_IRQHandler                        0x08003b61   Thumb Code    56  stm32f1xx_it.o(i.USART1_IRQHandler)
    UsageFault_Handler                       0x08003ba9   Thumb Code     2  stm32f1xx_it.o(i.UsageFault_Handler)
    __0sprintf                               0x08003bad   Thumb Code    34  printfa.o(i.__0sprintf)
    __1sprintf                               0x08003bad   Thumb Code     0  printfa.o(i.__0sprintf)
    __2sprintf                               0x08003bad   Thumb Code     0  printfa.o(i.__0sprintf)
    __c89sprintf                             0x08003bad   Thumb Code     0  printfa.o(i.__0sprintf)
    sprintf                                  0x08003bad   Thumb Code     0  printfa.o(i.__0sprintf)
    __scatterload_copy                       0x08003bf5   Thumb Code    14  handlers.o(i.__scatterload_copy)
    __scatterload_null                       0x08003c03   Thumb Code     2  handlers.o(i.__scatterload_null)
    __scatterload_zeroinit                   0x08003c05   Thumb Code    14  handlers.o(i.__scatterload_zeroinit)
    clear_view                               0x080044d1   Thumb Code    30  ui_setting.o(i.clear_view)
    date_page                                0x080044f1   Thumb Code    30  ui_miner_setting_data.o(i.date_page)
    delay_us                                 0x08004519   Thumb Code    22  sr04.o(i.delay_us)
    distance_page                            0x08004535   Thumb Code     6  ui_miner_setting_distance.o(i.distance_page)
    ecb02_connected                          0x080045e5   Thumb Code    20  ecb02.o(i.ecb02_connected)
    ecb02_disconnected                       0x0800460d   Thumb Code    20  ecb02.o(i.ecb02_disconnected)
    handle_date_page                         0x08004635   Thumb Code   278  ui_miner_setting_data.o(i.handle_date_page)
    handle_distance_page                     0x08004755   Thumb Code   136  ui_miner_setting_distance.o(i.handle_distance_page)
    handle_light_page                        0x080047e5   Thumb Code   248  ui_miner_setting_lighting.o(i.handle_light_page)
    light_page                               0x080048e9   Thumb Code    14  ui_miner_setting_lighting.o(i.light_page)
    main                                     0x08004901   Thumb Code    62  main.o(i.main)
    sr04_getdata                             0x08004c85   Thumb Code   164  sr04.o(i.sr04_getdata)
    ui_home                                  0x08004d41   Thumb Code   448  ui_home.o(i.ui_home)
    ui_setting                               0x08004fa5   Thumb Code   570  ui_setting.o(i.ui_setting)
    AHBPrescTable                            0x0800524c   Data          16  system_stm32f1xx.o(.constdata)
    APBPrescTable                            0x0800525c   Data           8  system_stm32f1xx.o(.constdata)
    asc2_0806                                0x08005264   Data         552  oled.o(.constdata)
    asc2_1206                                0x0800548c   Data        1140  oled.o(.constdata)
    asc2_1608                                0x08005900   Data        1520  oled.o(.constdata)
    asc2_2412                                0x08005ef0   Data        3420  oled.o(.constdata)
    Hzk1                                     0x08006c4c   Data         352  oled.o(.constdata)
    Hzk2                                     0x08006dac   Data          72  oled.o(.constdata)
    Hzk3                                     0x08006df4   Data         128  oled.o(.constdata)
    Hzk4                                     0x08006e74   Data         512  oled.o(.constdata)
    bmp_ble                                  0x08007074   Data          32  ui_home.o(.constdata)
    Region$$Table$$Base                      0x08007094   Number         0  anon$$obj.o(Region$$Table)
    Region$$Table$$Limit                     0x080070b4   Number         0  anon$$obj.o(Region$$Table)
    button                                   0x20000000   Data           1  gpio.o(.data)
    rtc_update                               0x20000001   Data           1  rtc.o(.data)
    get_time                                 0x20000002   Data           3  rtc.o(.data)
    get_data                                 0x20000005   Data           4  rtc.o(.data)
    rx1_count                                0x20000009   Data           1  usart.o(.data)
    rx1_end_flag                             0x2000000a   Data           1  usart.o(.data)
    uwTickFreq                               0x2000000c   Data           1  stm32f1xx_hal.o(.data)
    uwTickPrio                               0x20000010   Data           4  stm32f1xx_hal.o(.data)
    uwTick                                   0x20000014   Data           4  stm32f1xx_hal.o(.data)
    SystemCoreClock                          0x20000018   Data           4  system_stm32f1xx.o(.data)
    measure_cnt                              0x2000001c   Data           1  sr04.o(.data)
    distance_legth                           0x2000001d   Data           1  sr04.o(.data)
    distance_boundary                        0x2000001e   Data           1  sr04.o(.data)
    distant                                  0x20000020   Data           4  sr04.o(.data)
    higt_time                                0x20000024   Data           4  sr04.o(.data)
    home_page                                0x20000028   Data           1  ui_home.o(.data)
    light_dim                                0x2000002c   Data           4  ui_home.o(.data)
    loght_bright                             0x20000030   Data           4  ui_home.o(.data)
    pageview                                 0x20000034   Data           4  ui_setting.o(.data)
    hadc1                                    0x20000038   Data          48  adc.o(.bss)
    hrtc                                     0x20000068   Data          20  rtc.o(.bss)
    htim2                                    0x2000007c   Data          72  tim.o(.bss)
    uart1_rx                                 0x200000c4   Data         100  usart.o(.bss)
    huart1                                   0x20000128   Data          72  usart.o(.bss)
    huart2                                   0x20000170   Data          72  usart.o(.bss)
    hdma_usart1_rx                           0x200001b8   Data          68  usart.o(.bss)
    OLED_GRAM                                0x200001fc   Data        1152  oled.o(.bss)
    measure_buf                              0x2000067c   Data          12  sr04.o(.bss)
    __initial_sp                             0x20000a88   Data           0  startup_stm32f103xb.o(STACK)



==============================================================================

Memory Map of the image

  Image Entry point : 0x080000ed

  Load Region LR_IROM1 (Base: 0x08000000, Size: 0x000070ec, Max: 0x00010000, ABSOLUTE)

    Execution Region ER_IROM1 (Exec base: 0x08000000, Load base: 0x08000000, Size: 0x000070b4, Max: 0x00010000, ABSOLUTE)

    Exec Addr    Load Addr    Size         Type   Attr      Idx    E Section Name        Object

    0x08000000   0x08000000   0x000000ec   Data   RO            3    RESET               startup_stm32f103xb.o
    0x080000ec   0x080000ec   0x00000000   Code   RO         3987  * .ARM.Collect$$$$00000000  mc_w.l(entry.o)
    0x080000ec   0x080000ec   0x00000004   Code   RO         4277    .ARM.Collect$$$$00000001  mc_w.l(entry2.o)
    0x080000f0   0x080000f0   0x00000004   Code   RO         4280    .ARM.Collect$$$$00000004  mc_w.l(entry5.o)
    0x080000f4   0x080000f4   0x00000000   Code   RO         4282    .ARM.Collect$$$$00000008  mc_w.l(entry7b.o)
    0x080000f4   0x080000f4   0x00000000   Code   RO         4284    .ARM.Collect$$$$0000000A  mc_w.l(entry8b.o)
    0x080000f4   0x080000f4   0x00000008   Code   RO         4285    .ARM.Collect$$$$0000000B  mc_w.l(entry9a.o)
    0x080000fc   0x080000fc   0x00000000   Code   RO         4287    .ARM.Collect$$$$0000000D  mc_w.l(entry10a.o)
    0x080000fc   0x080000fc   0x00000000   Code   RO         4289    .ARM.Collect$$$$0000000F  mc_w.l(entry11a.o)
    0x080000fc   0x080000fc   0x00000004   Code   RO         4278    .ARM.Collect$$$$00002712  mc_w.l(entry2.o)
    0x08000100   0x08000100   0x00000024   Code   RO            4    .text               startup_stm32f103xb.o
    0x08000124   0x08000124   0x00000020   Code   RO         3990    .text               mc_w.l(llushr.o)
    0x08000144   0x08000144   0x00000024   Code   RO         3992    .text               mc_w.l(memseta.o)
    0x08000168   0x08000168   0x00000024   Code   RO         3994    .text               mc_w.l(strstr.o)
    0x0800018c   0x0800018c   0x000000b0   Code   RO         4257    .text               mf_w.l(fadd.o)
    0x0800023c   0x0800023c   0x0000014e   Code   RO         4259    .text               mf_w.l(dadd.o)
    0x0800038a   0x0800038a   0x000000e4   Code   RO         4261    .text               mf_w.l(dmul.o)
    0x0800046e   0x0800046e   0x0000002e   Code   RO         4263    .text               mf_w.l(dscalb.o)
    0x0800049c   0x0800049c   0x0000000a   Code   RO         4265    .text               mf_w.l(ffltui.o)
    0x080004a6   0x080004a6   0x0000001a   Code   RO         4267    .text               mf_w.l(dfltui.o)
    0x080004c0   0x080004c0   0x00000026   Code   RO         4269    .text               mf_w.l(f2d.o)
    0x080004e6   0x080004e6   0x00000038   Code   RO         4271    .text               mf_w.l(d2f.o)
    0x0800051e   0x0800051e   0x00000002   PAD
    0x08000520   0x08000520   0x00000014   Code   RO         4273    .text               mf_w.l(cfcmple.o)
    0x08000534   0x08000534   0x00000014   Code   RO         4275    .text               mf_w.l(cfrcmple.o)
    0x08000548   0x08000548   0x0000002c   Code   RO         4292    .text               mc_w.l(uidiv.o)
    0x08000574   0x08000574   0x00000062   Code   RO         4294    .text               mc_w.l(uldiv.o)
    0x080005d6   0x080005d6   0x0000001e   Code   RO         4296    .text               mc_w.l(llshl.o)
    0x080005f4   0x080005f4   0x00000024   Code   RO         4298    .text               mc_w.l(llsshr.o)
    0x08000618   0x08000618   0x00000000   Code   RO         4300    .text               mc_w.l(iusefp.o)
    0x08000618   0x08000618   0x0000006e   Code   RO         4301    .text               mf_w.l(fepilogue.o)
    0x08000686   0x08000686   0x000000ba   Code   RO         4303    .text               mf_w.l(depilogue.o)
    0x08000740   0x08000740   0x000000de   Code   RO         4305    .text               mf_w.l(ddiv.o)
    0x0800081e   0x0800081e   0x00000030   Code   RO         4307    .text               mf_w.l(dfixul.o)
    0x0800084e   0x0800084e   0x00000002   PAD
    0x08000850   0x08000850   0x00000030   Code   RO         4309    .text               mf_w.l(cdrcmple.o)
    0x08000880   0x08000880   0x00000024   Code   RO         4311    .text               mc_w.l(init.o)
    0x080008a4   0x080008a4   0x00000056   Code   RO          629    i.ADC_ConversionStop_Disable  stm32f1xx_hal_adc.o
    0x080008fa   0x080008fa   0x00000002   PAD
    0x080008fc   0x080008fc   0x0000007c   Code   RO          633    i.ADC_Enable        stm32f1xx_hal_adc.o
    0x08000978   0x08000978   0x00000002   Code   RO          451    i.BusFault_Handler  stm32f1xx_it.o
    0x0800097a   0x0800097a   0x00000002   PAD
    0x0800097c   0x0800097c   0x0000000c   Code   RO          452    i.DMA1_Channel5_IRQHandler  stm32f1xx_it.o
    0x08000988   0x08000988   0x0000002a   Code   RO         1285    i.DMA_SetConfig     stm32f1xx_hal_dma.o
    0x080009b2   0x080009b2   0x00000002   Code   RO          453    i.DebugMon_Handler  stm32f1xx_it.o
    0x080009b4   0x080009b4   0x00000006   Code   RO          454    i.EXTI0_IRQHandler  stm32f1xx_it.o
    0x080009ba   0x080009ba   0x00000008   Code   RO          455    i.EXTI15_10_IRQHandler  stm32f1xx_it.o
    0x080009c2   0x080009c2   0x00000006   Code   RO          456    i.EXTI1_IRQHandler  stm32f1xx_it.o
    0x080009c8   0x080009c8   0x00000004   Code   RO           13    i.Error_Handler     main.o
    0x080009cc   0x080009cc   0x000000fc   Code   RO          635    i.HAL_ADC_ConfigChannel  stm32f1xx_hal_adc.o
    0x08000ac8   0x08000ac8   0x00000006   Code   RO          642    i.HAL_ADC_GetValue  stm32f1xx_hal_adc.o
    0x08000ace   0x08000ace   0x00000002   PAD
    0x08000ad0   0x08000ad0   0x0000011c   Code   RO          644    i.HAL_ADC_Init      stm32f1xx_hal_adc.o
    0x08000bec   0x08000bec   0x00000058   Code   RO          239    i.HAL_ADC_MspInit   adc.o
    0x08000c44   0x08000c44   0x0000013c   Code   RO          648    i.HAL_ADC_PollForConversion  stm32f1xx_hal_adc.o
    0x08000d80   0x08000d80   0x000000c0   Code   RO          650    i.HAL_ADC_Start     stm32f1xx_hal_adc.o
    0x08000e40   0x08000e40   0x00000046   Code   RO         1286    i.HAL_DMA_Abort     stm32f1xx_hal_dma.o
    0x08000e86   0x08000e86   0x00000002   PAD
    0x08000e88   0x08000e88   0x00000098   Code   RO         1287    i.HAL_DMA_Abort_IT  stm32f1xx_hal_dma.o
    0x08000f20   0x08000f20   0x00000154   Code   RO         1291    i.HAL_DMA_IRQHandler  stm32f1xx_hal_dma.o
    0x08001074   0x08001074   0x0000005c   Code   RO         1292    i.HAL_DMA_Init      stm32f1xx_hal_dma.o
    0x080010d0   0x080010d0   0x00000070   Code   RO         1296    i.HAL_DMA_Start_IT  stm32f1xx_hal_dma.o
    0x08001140   0x08001140   0x00000024   Code   RO          912    i.HAL_Delay         stm32f1xx_hal.o
    0x08001164   0x08001164   0x0000001c   Code   RO          202    i.HAL_GPIO_EXTI_Callback  gpio.o
    0x08001180   0x08001180   0x00000018   Code   RO         1221    i.HAL_GPIO_EXTI_IRQHandler  stm32f1xx_hal_gpio.o
    0x08001198   0x08001198   0x000001e0   Code   RO         1222    i.HAL_GPIO_Init     stm32f1xx_hal_gpio.o
    0x08001378   0x08001378   0x0000000a   Code   RO         1226    i.HAL_GPIO_WritePin  stm32f1xx_hal_gpio.o
    0x08001382   0x08001382   0x00000002   PAD
    0x08001384   0x08001384   0x0000000c   Code   RO          916    i.HAL_GetTick       stm32f1xx_hal.o
    0x08001390   0x08001390   0x00000010   Code   RO          922    i.HAL_IncTick       stm32f1xx_hal.o
    0x080013a0   0x080013a0   0x00000024   Code   RO          923    i.HAL_Init          stm32f1xx_hal.o
    0x080013c4   0x080013c4   0x00000040   Code   RO          924    i.HAL_InitTick      stm32f1xx_hal.o
    0x08001404   0x08001404   0x0000003c   Code   RO          569    i.HAL_MspInit       stm32f1xx_hal_msp.o
    0x08001440   0x08001440   0x0000001a   Code   RO         1382    i.HAL_NVIC_EnableIRQ  stm32f1xx_hal_cortex.o
    0x0800145a   0x0800145a   0x00000002   PAD
    0x0800145c   0x0800145c   0x00000040   Code   RO         1388    i.HAL_NVIC_SetPriority  stm32f1xx_hal_cortex.o
    0x0800149c   0x0800149c   0x00000024   Code   RO         1389    i.HAL_NVIC_SetPriorityGrouping  stm32f1xx_hal_cortex.o
    0x080014c0   0x080014c0   0x0000000c   Code   RO         1504    i.HAL_PWR_EnableBkUpAccess  stm32f1xx_hal_pwr.o
    0x080014cc   0x080014cc   0x000000a4   Code   RO         1183    i.HAL_RCCEx_GetPeriphCLKFreq  stm32f1xx_hal_rcc_ex.o
    0x08001570   0x08001570   0x000000ec   Code   RO         1184    i.HAL_RCCEx_PeriphCLKConfig  stm32f1xx_hal_rcc_ex.o
    0x0800165c   0x0800165c   0x0000012c   Code   RO         1080    i.HAL_RCC_ClockConfig  stm32f1xx_hal_rcc.o
    0x08001788   0x08001788   0x0000000c   Code   RO         1085    i.HAL_RCC_GetHCLKFreq  stm32f1xx_hal_rcc.o
    0x08001794   0x08001794   0x00000020   Code   RO         1087    i.HAL_RCC_GetPCLK1Freq  stm32f1xx_hal_rcc.o
    0x080017b4   0x080017b4   0x00000020   Code   RO         1088    i.HAL_RCC_GetPCLK2Freq  stm32f1xx_hal_rcc.o
    0x080017d4   0x080017d4   0x0000004c   Code   RO         1089    i.HAL_RCC_GetSysClockFreq  stm32f1xx_hal_rcc.o
    0x08001820   0x08001820   0x00000320   Code   RO         1092    i.HAL_RCC_OscConfig  stm32f1xx_hal_rcc.o
    0x08001b40   0x08001b40   0x00000038   Code   RO          304    i.HAL_RTCEx_RTCEventCallback  rtc.o
    0x08001b78   0x08001b78   0x00000002   Code   RO         2058    i.HAL_RTCEx_RTCEventErrorCallback  stm32f1xx_hal_rtc_ex.o
    0x08001b7a   0x08001b7a   0x0000003e   Code   RO         2059    i.HAL_RTCEx_RTCIRQHandler  stm32f1xx_hal_rtc_ex.o
    0x08001bb8   0x08001bb8   0x0000004e   Code   RO         1887    i.HAL_RTC_GetDate   stm32f1xx_hal_rtc.o
    0x08001c06   0x08001c06   0x000000d8   Code   RO         1889    i.HAL_RTC_GetTime   stm32f1xx_hal_rtc.o
    0x08001cde   0x08001cde   0x00000002   PAD
    0x08001ce0   0x08001ce0   0x00000094   Code   RO         1890    i.HAL_RTC_Init      stm32f1xx_hal_rtc.o
    0x08001d74   0x08001d74   0x00000054   Code   RO          306    i.HAL_RTC_MspInit   rtc.o
    0x08001dc8   0x08001dc8   0x000000c4   Code   RO         1896    i.HAL_RTC_SetDate   stm32f1xx_hal_rtc.o
    0x08001e8c   0x08001e8c   0x000000ac   Code   RO         1897    i.HAL_RTC_SetTime   stm32f1xx_hal_rtc.o
    0x08001f38   0x08001f38   0x0000003a   Code   RO         1898    i.HAL_RTC_WaitForSynchro  stm32f1xx_hal_rtc.o
    0x08001f72   0x08001f72   0x00000028   Code   RO         1393    i.HAL_SYSTICK_Config  stm32f1xx_hal_cortex.o
    0x08001f9a   0x08001f9a   0x00000002   Code   RO         2860    i.HAL_TIMEx_BreakCallback  stm32f1xx_hal_tim_ex.o
    0x08001f9c   0x08001f9c   0x00000002   Code   RO         2861    i.HAL_TIMEx_CommutCallback  stm32f1xx_hal_tim_ex.o
    0x08001f9e   0x08001f9e   0x00000002   PAD
    0x08001fa0   0x08001fa0   0x00000068   Code   RO         2879    i.HAL_TIMEx_MasterConfigSynchronization  stm32f1xx_hal_tim_ex.o
    0x08002008   0x08002008   0x0000005a   Code   RO         2156    i.HAL_TIM_Base_Init  stm32f1xx_hal_tim.o
    0x08002062   0x08002062   0x00000002   PAD
    0x08002064   0x08002064   0x00000078   Code   RO          354    i.HAL_TIM_Base_MspInit  tim.o
    0x080020dc   0x080020dc   0x000000dc   Code   RO         2165    i.HAL_TIM_ConfigClockSource  stm32f1xx_hal_tim.o
    0x080021b8   0x080021b8   0x00000060   Code   RO         3717    i.HAL_TIM_IC_CaptureCallback  sr04.o
    0x08002218   0x08002218   0x00000124   Code   RO         2192    i.HAL_TIM_IC_ConfigChannel  stm32f1xx_hal_tim.o
    0x0800233c   0x0800233c   0x0000005a   Code   RO         2195    i.HAL_TIM_IC_Init   stm32f1xx_hal_tim.o
    0x08002396   0x08002396   0x00000002   Code   RO         2197    i.HAL_TIM_IC_MspInit  stm32f1xx_hal_tim.o
    0x08002398   0x08002398   0x000000e4   Code   RO         2200    i.HAL_TIM_IC_Start_IT  stm32f1xx_hal_tim.o
    0x0800247c   0x0800247c   0x00000092   Code   RO         2203    i.HAL_TIM_IC_Stop_IT  stm32f1xx_hal_tim.o
    0x0800250e   0x0800250e   0x00000130   Code   RO         2204    i.HAL_TIM_IRQHandler  stm32f1xx_hal_tim.o
    0x0800263e   0x0800263e   0x00000002   Code   RO         2207    i.HAL_TIM_OC_DelayElapsedCallback  stm32f1xx_hal_tim.o
    0x08002640   0x08002640   0x00000002   Code   RO         2234    i.HAL_TIM_PWM_PulseFinishedCallback  stm32f1xx_hal_tim.o
    0x08002642   0x08002642   0x00000002   Code   RO         2242    i.HAL_TIM_PeriodElapsedCallback  stm32f1xx_hal_tim.o
    0x08002644   0x08002644   0x0000002a   Code   RO         2244    i.HAL_TIM_ReadCapturedValue  stm32f1xx_hal_tim.o
    0x0800266e   0x0800266e   0x00000002   Code   RO         2247    i.HAL_TIM_TriggerCallback  stm32f1xx_hal_tim.o
    0x08002670   0x08002670   0x00000002   Code   RO         3139    i.HAL_UARTEx_RxEventCallback  stm32f1xx_hal_uart.o
    0x08002672   0x08002672   0x00000070   Code   RO         3151    i.HAL_UART_DMAStop  stm32f1xx_hal_uart.o
    0x080026e2   0x080026e2   0x00000002   Code   RO         3153    i.HAL_UART_ErrorCallback  stm32f1xx_hal_uart.o
    0x080026e4   0x080026e4   0x0000026c   Code   RO         3156    i.HAL_UART_IRQHandler  stm32f1xx_hal_uart.o
    0x08002950   0x08002950   0x00000064   Code   RO         3157    i.HAL_UART_Init     stm32f1xx_hal_uart.o
    0x080029b4   0x080029b4   0x000000fc   Code   RO          396    i.HAL_UART_MspInit  usart.o
    0x08002ab0   0x08002ab0   0x0000001c   Code   RO         3161    i.HAL_UART_Receive_DMA  stm32f1xx_hal_uart.o
    0x08002acc   0x08002acc   0x00000002   Code   RO         3163    i.HAL_UART_RxCpltCallback  stm32f1xx_hal_uart.o
    0x08002ace   0x08002ace   0x00000002   Code   RO         3164    i.HAL_UART_RxHalfCpltCallback  stm32f1xx_hal_uart.o
    0x08002ad0   0x08002ad0   0x000000a0   Code   RO         3165    i.HAL_UART_Transmit  stm32f1xx_hal_uart.o
    0x08002b70   0x08002b70   0x00000002   Code   RO         3168    i.HAL_UART_TxCpltCallback  stm32f1xx_hal_uart.o
    0x08002b72   0x08002b72   0x00000002   Code   RO          457    i.HardFault_Handler  stm32f1xx_it.o
    0x08002b74   0x08002b74   0x00000050   Code   RO          240    i.MX_ADC1_Init      adc.o
    0x08002bc4   0x08002bc4   0x0000002c   Code   RO          280    i.MX_DMA_Init       dma.o
    0x08002bf0   0x08002bf0   0x000000f8   Code   RO          203    i.MX_GPIO_Init      gpio.o
    0x08002ce8   0x08002ce8   0x00000070   Code   RO          307    i.MX_RTC_Init       rtc.o
    0x08002d58   0x08002d58   0x00000094   Code   RO          355    i.MX_TIM2_Init      tim.o
    0x08002dec   0x08002dec   0x0000004c   Code   RO          397    i.MX_USART1_UART_Init  usart.o
    0x08002e38   0x08002e38   0x00000038   Code   RO          398    i.MX_USART2_UART_Init  usart.o
    0x08002e70   0x08002e70   0x00000002   Code   RO          458    i.MemManage_Handler  stm32f1xx_it.o
    0x08002e72   0x08002e72   0x00000002   Code   RO          459    i.NMI_Handler       stm32f1xx_it.o
    0x08002e74   0x08002e74   0x0000002c   Code   RO         3579    i.OLED_Clear        oled.o
    0x08002ea0   0x08002ea0   0x00000018   Code   RO         3580    i.OLED_ColorTurn    oled.o
    0x08002eb8   0x08002eb8   0x0000002c   Code   RO         3583    i.OLED_DisplayTurn  oled.o
    0x08002ee4   0x08002ee4   0x0000009c   Code   RO         3585    i.OLED_DrawLine     oled.o
    0x08002f80   0x08002f80   0x0000002c   Code   RO         3586    i.OLED_DrawPoint    oled.o
    0x08002fac   0x08002fac   0x0000010c   Code   RO         3587    i.OLED_Init         oled.o
    0x080030b8   0x080030b8   0x0000004c   Code   RO         3589    i.OLED_Refresh      oled.o
    0x08003104   0x08003104   0x000000e4   Code   RO         3591    i.OLED_ShowChar     oled.o
    0x080031e8   0x080031e8   0x0000009c   Code   RO         3594    i.OLED_ShowPicture  oled.o
    0x08003284   0x08003284   0x0000003c   Code   RO         3595    i.OLED_ShowString   oled.o
    0x080032c0   0x080032c0   0x00000070   Code   RO         3596    i.OLED_WR_Byte      oled.o
    0x08003330   0x08003330   0x00000002   Code   RO          460    i.PendSV_Handler    stm32f1xx_it.o
    0x08003332   0x08003332   0x00000012   Code   RO         1899    i.RTC_Bcd2ToByte    stm32f1xx_hal_rtc.o
    0x08003344   0x08003344   0x00000016   Code   RO         1900    i.RTC_ByteToBcd2    stm32f1xx_hal_rtc.o
    0x0800335a   0x0800335a   0x000000ae   Code   RO         1901    i.RTC_DateUpdate    stm32f1xx_hal_rtc.o
    0x08003408   0x08003408   0x00000034   Code   RO         1902    i.RTC_EnterInitMode  stm32f1xx_hal_rtc.o
    0x0800343c   0x0800343c   0x00000036   Code   RO         1903    i.RTC_ExitInitMode  stm32f1xx_hal_rtc.o
    0x08003472   0x08003472   0x00000002   PAD
    0x08003474   0x08003474   0x0000000c   Code   RO          461    i.RTC_IRQHandler    stm32f1xx_it.o
    0x08003480   0x08003480   0x0000000e   Code   RO         1904    i.RTC_ReadAlarmCounter  stm32f1xx_hal_rtc.o
    0x0800348e   0x0800348e   0x00000020   Code   RO         1905    i.RTC_ReadTimeCounter  stm32f1xx_hal_rtc.o
    0x080034ae   0x080034ae   0x00000056   Code   RO         1906    i.RTC_WeekDayNum    stm32f1xx_hal_rtc.o
    0x08003504   0x08003504   0x00000028   Code   RO         1907    i.RTC_WriteAlarmCounter  stm32f1xx_hal_rtc.o
    0x0800352c   0x0800352c   0x00000028   Code   RO         1908    i.RTC_WriteTimeCounter  stm32f1xx_hal_rtc.o
    0x08003554   0x08003554   0x00000002   Code   RO          462    i.SVC_Handler       stm32f1xx_it.o
    0x08003556   0x08003556   0x00000004   Code   RO          463    i.SysTick_Handler   stm32f1xx_it.o
    0x0800355a   0x0800355a   0x00000086   Code   RO           14    i.SystemClock_Config  main.o
    0x080035e0   0x080035e0   0x00000002   Code   RO         3491    i.SystemInit        system_stm32f1xx.o
    0x080035e2   0x080035e2   0x00000002   PAD
    0x080035e4   0x080035e4   0x0000000c   Code   RO          464    i.TIM2_IRQHandler   stm32f1xx_it.o
    0x080035f0   0x080035f0   0x00000078   Code   RO         2249    i.TIM_Base_SetConfig  stm32f1xx_hal_tim.o
    0x08003668   0x08003668   0x0000001a   Code   RO         2250    i.TIM_CCxChannelCmd  stm32f1xx_hal_tim.o
    0x08003682   0x08003682   0x00000014   Code   RO         2260    i.TIM_ETR_SetConfig  stm32f1xx_hal_tim.o
    0x08003696   0x08003696   0x00000010   Code   RO         2261    i.TIM_ITRx_SetConfig  stm32f1xx_hal_tim.o
    0x080036a6   0x080036a6   0x00000022   Code   RO         2267    i.TIM_TI1_ConfigInputStage  stm32f1xx_hal_tim.o
    0x080036c8   0x080036c8   0x00000058   Code   RO         2268    i.TIM_TI1_SetConfig  stm32f1xx_hal_tim.o
    0x08003720   0x08003720   0x00000024   Code   RO         2269    i.TIM_TI2_ConfigInputStage  stm32f1xx_hal_tim.o
    0x08003744   0x08003744   0x00000036   Code   RO         2270    i.TIM_TI2_SetConfig  stm32f1xx_hal_tim.o
    0x0800377a   0x0800377a   0x00000010   Code   RO         3170    i.UART_DMAAbortOnError  stm32f1xx_hal_uart.o
    0x0800378a   0x0800378a   0x0000004a   Code   RO         3171    i.UART_DMAError     stm32f1xx_hal_uart.o
    0x080037d4   0x080037d4   0x00000086   Code   RO         3172    i.UART_DMAReceiveCplt  stm32f1xx_hal_uart.o
    0x0800385a   0x0800385a   0x0000001e   Code   RO         3174    i.UART_DMARxHalfCplt  stm32f1xx_hal_uart.o
    0x08003878   0x08003878   0x0000004e   Code   RO         3180    i.UART_EndRxTransfer  stm32f1xx_hal_uart.o
    0x080038c6   0x080038c6   0x0000001c   Code   RO         3181    i.UART_EndTxTransfer  stm32f1xx_hal_uart.o
    0x080038e2   0x080038e2   0x000000c2   Code   RO         3182    i.UART_Receive_IT   stm32f1xx_hal_uart.o
    0x080039a4   0x080039a4   0x000000b8   Code   RO         3183    i.UART_SetConfig    stm32f1xx_hal_uart.o
    0x08003a5c   0x08003a5c   0x00000090   Code   RO         3184    i.UART_Start_Receive_DMA  stm32f1xx_hal_uart.o
    0x08003aec   0x08003aec   0x00000072   Code   RO         3186    i.UART_WaitOnFlagUntilTimeout  stm32f1xx_hal_uart.o
    0x08003b5e   0x08003b5e   0x00000002   PAD
    0x08003b60   0x08003b60   0x00000048   Code   RO          465    i.USART1_IRQHandler  stm32f1xx_it.o
    0x08003ba8   0x08003ba8   0x00000002   Code   RO          466    i.UsageFault_Handler  stm32f1xx_it.o
    0x08003baa   0x08003baa   0x00000002   PAD
    0x08003bac   0x08003bac   0x00000028   Code   RO         4231    i.__0sprintf        mc_w.l(printfa.o)
    0x08003bd4   0x08003bd4   0x00000020   Code   RO         1395    i.__NVIC_SetPriority  stm32f1xx_hal_cortex.o
    0x08003bf4   0x08003bf4   0x0000000e   Code   RO         4315    i.__scatterload_copy  mc_w.l(handlers.o)
    0x08003c02   0x08003c02   0x00000002   Code   RO         4316    i.__scatterload_null  mc_w.l(handlers.o)
    0x08003c04   0x08003c04   0x0000000e   Code   RO         4317    i.__scatterload_zeroinit  mc_w.l(handlers.o)
    0x08003c12   0x08003c12   0x00000002   PAD
    0x08003c14   0x08003c14   0x00000184   Code   RO         4236    i._fp_digits        mc_w.l(printfa.o)
    0x08003d98   0x08003d98   0x000006dc   Code   RO         4237    i._printf_core      mc_w.l(printfa.o)
    0x08004474   0x08004474   0x00000024   Code   RO         4238    i._printf_post_padding  mc_w.l(printfa.o)
    0x08004498   0x08004498   0x0000002e   Code   RO         4239    i._printf_pre_padding  mc_w.l(printfa.o)
    0x080044c6   0x080044c6   0x0000000a   Code   RO         4241    i._sputc            mc_w.l(printfa.o)
    0x080044d0   0x080044d0   0x0000001e   Code   RO         3833    i.clear_view        ui_setting.o
    0x080044ee   0x080044ee   0x00000002   PAD
    0x080044f0   0x080044f0   0x00000028   Code   RO         3875    i.date_page         ui_miner_setting_data.o
    0x08004518   0x08004518   0x0000001c   Code   RO         3718    i.delay_us          sr04.o
    0x08004534   0x08004534   0x00000006   Code   RO         3954    i.distance_page     ui_miner_setting_distance.o
    0x0800453a   0x0800453a   0x00000002   PAD
    0x0800453c   0x0800453c   0x000000a8   Code   RO         3955    i.distance_view     ui_miner_setting_distance.o
    0x080045e4   0x080045e4   0x00000028   Code   RO         3528    i.ecb02_connected   ecb02.o
    0x0800460c   0x0800460c   0x00000028   Code   RO         3529    i.ecb02_disconnected  ecb02.o
    0x08004634   0x08004634   0x00000120   Code   RO         3876    i.handle_date_page  ui_miner_setting_data.o
    0x08004754   0x08004754   0x00000090   Code   RO         3956    i.handle_distance_page  ui_miner_setting_distance.o
    0x080047e4   0x080047e4   0x00000104   Code   RO         3911    i.handle_light_page  ui_miner_setting_lighting.o
    0x080048e8   0x080048e8   0x00000018   Code   RO         3912    i.light_page        ui_miner_setting_lighting.o
    0x08004900   0x08004900   0x0000003e   Code   RO           15    i.main              main.o
    0x0800493e   0x0800493e   0x00000002   PAD
    0x08004940   0x08004940   0x000001f8   Code   RO         3877    i.show_date         ui_miner_setting_data.o
    0x08004b38   0x08004b38   0x0000014c   Code   RO         3913    i.show_lighting     ui_miner_setting_lighting.o
    0x08004c84   0x08004c84   0x000000bc   Code   RO         3719    i.sr04_getdata      sr04.o
    0x08004d40   0x08004d40   0x00000264   Code   RO         3799    i.ui_home           ui_home.o
    0x08004fa4   0x08004fa4   0x00000284   Code   RO         3834    i.ui_setting        ui_setting.o
    0x08005228   0x08005228   0x00000012   Data   RO         1093    .constdata          stm32f1xx_hal_rcc.o
    0x0800523a   0x0800523a   0x00000012   Data   RO         1185    .constdata          stm32f1xx_hal_rcc_ex.o
    0x0800524c   0x0800524c   0x00000010   Data   RO         3492    .constdata          system_stm32f1xx.o
    0x0800525c   0x0800525c   0x00000008   Data   RO         3493    .constdata          system_stm32f1xx.o
    0x08005264   0x08005264   0x00001e10   Data   RO         3598    .constdata          oled.o
    0x08007074   0x08007074   0x00000020   Data   RO         3800    .constdata          ui_home.o
    0x08007094   0x08007094   0x00000020   Data   RO         4313    Region$$Table       anon$$obj.o


    Execution Region RW_IRAM1 (Exec base: 0x20000000, Load base: 0x080070b4, Size: 0x00000a88, Max: 0x00005000, ABSOLUTE)

    Exec Addr    Load Addr    Size         Type   Attr      Idx    E Section Name        Object

    0x20000000   0x080070b4   0x00000001   Data   RW          204    .data               gpio.o
    0x20000001   0x080070b5   0x00000008   Data   RW          309    .data               rtc.o
    0x20000009   0x080070bd   0x00000001   Data   RW          401    .data               usart.o
    0x2000000a   0x080070be   0x00000001   Data   RW          402    .data               usart.o
    0x2000000b   0x080070bf   0x00000001   PAD
    0x2000000c   0x080070c0   0x0000000c   Data   RW          930    .data               stm32f1xx_hal.o
    0x20000018   0x080070cc   0x00000004   Data   RW         3494    .data               system_stm32f1xx.o
    0x2000001c   0x080070d0   0x0000000c   Data   RW         3721    .data               sr04.o
    0x20000028   0x080070dc   0x0000000c   Data   RW         3801    .data               ui_home.o
    0x20000034   0x080070e8   0x00000004   Data   RW         3835    .data               ui_setting.o
    0x20000038        -       0x00000030   Zero   RW          241    .bss                adc.o
    0x20000068        -       0x00000014   Zero   RW          308    .bss                rtc.o
    0x2000007c        -       0x00000048   Zero   RW          356    .bss                tim.o
    0x200000c4        -       0x00000138   Zero   RW          400    .bss                usart.o
    0x200001fc        -       0x00000480   Zero   RW         3597    .bss                oled.o
    0x2000067c        -       0x0000000c   Zero   RW         3720    .bss                sr04.o
    0x20000688        -       0x00000400   Zero   RW            1    STACK               startup_stm32f103xb.o


==============================================================================

Image component sizes


      Code (inc. data)   RO Data    RW Data    ZI Data      Debug   Object Name

       168         22          0          0         48       1569   adc.o
        44          4          0          0          0        722   dma.o
        80         40          0          0          0        963   ecb02.o
       276         26          0          1          0       1989   gpio.o
       200          0          0          0          0     450780   main.o
      1212         40       7696          0       1152       9350   oled.o
       252         34          0          8         20       2193   rtc.o
       312         42          0         12         12       2420   sr04.o
        36          8        236          0       1024        784   startup_stm32f103xb.o
       164         28          0         12          0       5761   stm32f1xx_hal.o
      1260         54          0          0          0       6384   stm32f1xx_hal_adc.o
       198         14          0          0          0      28839   stm32f1xx_hal_cortex.o
       808         36          0          0          0       4862   stm32f1xx_hal_dma.o
       514         40          0          0          0       3407   stm32f1xx_hal_gpio.o
        60          8          0          0          0        834   stm32f1xx_hal_msp.o
        12          4          0          0          0        495   stm32f1xx_hal_pwr.o
      1252         90         18          0          0       5436   stm32f1xx_hal_rcc.o
       400         28         18          0          0       2417   stm32f1xx_hal_rcc_ex.o
      1400         12          0          0          0      12408   stm32f1xx_hal_rtc.o
        64          0          0          0          0       1516   stm32f1xx_hal_rtc_ex.o
      1816         36          0          0          0      15789   stm32f1xx_hal_tim.o
       108         12          0          0          0       2329   stm32f1xx_hal_tim_ex.o
      2026         24          0          0          0      14965   stm32f1xx_hal_uart.o
       148         34          0          0          0       7213   stm32f1xx_it.o
         2          0         24          4          0       1059   system_stm32f1xx.o
       268         16          0          0         72       1766   tim.o
       612        172         32         12          0       1877   ui_home.o
       832        108          0          0          0       2499   ui_miner_setting_data.o
       318         44          0          0          0       1723   ui_miner_setting_distance.o
       616         86          0          0          0       2161   ui_miner_setting_lighting.o
       674         74          0          4          0       2335   ui_setting.o
       384         42          0          2        312       2598   usart.o

    ----------------------------------------------------------------------
     16548       1178       8056         56       2640     599443   Object Totals
         0          0         32          0          0          0   (incl. Generated)
        32          0          0          1          0          0   (incl. Padding)

    ----------------------------------------------------------------------

      Code (inc. data)   RO Data    RW Data    ZI Data      Debug   Library Member Name

         0          0          0          0          0          0   entry.o
         0          0          0          0          0          0   entry10a.o
         0          0          0          0          0          0   entry11a.o
         8          4          0          0          0          0   entry2.o
         4          0          0          0          0          0   entry5.o
         0          0          0          0          0          0   entry7b.o
         0          0          0          0          0          0   entry8b.o
         8          4          0          0          0          0   entry9a.o
        30          0          0          0          0          0   handlers.o
        36          8          0          0          0         68   init.o
         0          0          0          0          0          0   iusefp.o
        30          0          0          0          0         68   llshl.o
        36          0          0          0          0         68   llsshr.o
        32          0          0          0          0         68   llushr.o
        36          0          0          0          0        108   memseta.o
      2276         86          0          0          0        520   printfa.o
        36          0          0          0          0         80   strstr.o
        44          0          0          0          0         80   uidiv.o
        98          0          0          0          0         92   uldiv.o
        48          0          0          0          0         68   cdrcmple.o
        20          0          0          0          0         68   cfcmple.o
        20          0          0          0          0         68   cfrcmple.o
        56          0          0          0          0         88   d2f.o
       334          0          0          0          0        148   dadd.o
       222          0          0          0          0        100   ddiv.o
       186          0          0          0          0        176   depilogue.o
        48          0          0          0          0         68   dfixul.o
        26          0          0          0          0         76   dfltui.o
       228          0          0          0          0         96   dmul.o
        46          0          0          0          0         80   dscalb.o
        38          0          0          0          0         68   f2d.o
       176          0          0          0          0        140   fadd.o
       110          0          0          0          0        168   fepilogue.o
        10          0          0          0          0         68   ffltui.o

    ----------------------------------------------------------------------
      4248        102          0          0          0       2632   Library Totals
         6          0          0          0          0          0   (incl. Padding)

    ----------------------------------------------------------------------

      Code (inc. data)   RO Data    RW Data    ZI Data      Debug   Library Name

      2674        102          0          0          0       1152   mc_w.l
      1568          0          0          0          0       1480   mf_w.l

    ----------------------------------------------------------------------
      4248        102          0          0          0       2632   Library Totals

    ----------------------------------------------------------------------

==============================================================================


      Code (inc. data)   RO Data    RW Data    ZI Data      Debug   

     20796       1280       8056         56       2640     592763   Grand Totals
     20796       1280       8056         56       2640     592763   ELF Image Totals
     20796       1280       8056         56          0          0   ROM Totals

==============================================================================

    Total RO  Size (Code + RO Data)                28852 (  28.18kB)
    Total RW  Size (RW Data + ZI Data)              2696 (   2.63kB)
    Total ROM Size (Code + RO Data + RW Data)      28908 (  28.23kB)

==============================================================================

